2026-04-05 08:09:17,083 | INFO | Run dir: outputs/2026-04-05_08-09-17_asts_deit_base_cifar10__ce_adv_only
2026-04-05 08:09:29,655 | INFO | Train samples: 45000, Val samples: 5000, Test samples: 10000
2026-04-05 08:09:31,868 | INFO | Trainable tensors: 14
2026-04-05 08:09:31,869 | INFO | Trainable scalars: 7834
2026-04-05 08:09:31,870 | INFO | Train attack schedule (in order): pgd_0@4, pgd_1@5, pgd_2@6, cw_0@5
2026-04-05 08:09:31,870 | INFO | Eval attacks (in order): pgd_3, pgd_4, cw_1, autoattack_0
2026-04-05 08:09:31,870 | INFO | Device: cuda:0
2026-04-05 08:09:31,870 | INFO | Injected attention modules: 12
2026-04-05 08:09:31,870 | INFO | Mixed precision (AMP) enabled with GradScaler
2026-04-05 08:09:31,870 | INFO | Per-epoch train attacks: e1:pgd_0, e2:pgd_0, e3:pgd_0, e4:pgd_0, e5:pgd_1, e6:pgd_1, e7:pgd_1, e8:pgd_1, e9:pgd_1, e10:pgd_2, e11:pgd_2, e12:pgd_2, e13:pgd_2, e14:pgd_2, e15:pgd_2, e16:cw_0, e17:cw_0, e18:cw_0, e19:cw_0, e20:cw_0
2026-04-05 08:10:10,684 | INFO | Evaluating baseline model on attack #1/4 started..
2026-04-05 09:08:25,959 | INFO | Evaluating baseline model on attack #2/4 started..
2026-04-05 14:12:50,068 | INFO | Evaluating baseline model on attack #3/4 started..
2026-04-05 14:28:37,874 | INFO | Evaluating baseline model on attack #4/4 started..
2026-04-05 14:45:18,597 | INFO | [BASELINE] wrote metrics/test_metrics_baseline.csv
2026-04-05 14:45:18,598 | INFO | [TRAIN] epoch=1 using attack=pgd_0
2026-04-05 14:48:51,810 | INFO | step=50 | loss=34.1880 | ce=2.8612 | attn=1.5051 | trades=30.5742
2026-04-05 14:52:23,385 | INFO | step=100 | loss=21.7187 | ce=2.4125 | attn=1.4921 | trades=18.5602
2026-04-05 14:55:55,001 | INFO | step=150 | loss=15.6321 | ce=2.2792 | attn=1.4665 | trades=12.6196
2026-04-05 14:59:26,605 | INFO | step=200 | loss=12.5517 | ce=2.2102 | attn=1.4375 | trades=9.6228
2026-04-05 15:02:58,233 | INFO | step=250 | loss=10.6936 | ce=2.1686 | attn=1.4103 | trades=7.8199
2026-04-05 15:06:29,907 | INFO | step=300 | loss=9.4493 | ce=2.1408 | attn=1.3839 | trades=6.6166
2026-04-05 15:10:01,543 | INFO | step=350 | loss=8.5571 | ce=2.1198 | attn=1.3578 | trades=5.7584
2026-04-05 15:13:33,211 | INFO | step=400 | loss=7.8866 | ce=2.1039 | attn=1.3348 | trades=5.1153
2026-04-05 15:17:04,914 | INFO | step=450 | loss=7.3620 | ce=2.0913 | attn=1.3121 | trades=4.6147
2026-04-05 15:20:36,597 | INFO | step=500 | loss=6.9414 | ce=2.0812 | attn=1.2898 | trades=4.2152
2026-04-05 15:24:08,293 | INFO | step=550 | loss=6.5971 | ce=2.0726 | attn=1.2693 | trades=3.8898
2026-04-05 15:27:39,977 | INFO | step=600 | loss=6.3097 | ce=2.0653 | attn=1.2498 | trades=3.6195
2026-04-05 15:31:11,612 | INFO | step=650 | loss=6.0661 | ce=2.0591 | attn=1.2309 | trades=3.3916
2026-04-05 15:34:43,220 | INFO | step=700 | loss=5.8567 | ce=2.0532 | attn=1.2128 | trades=3.1971
2026-04-05 15:34:56,814 | INFO | [TEMPS] epoch=1 mean=1.2335 std=0.1722 min=0.7596 max=1.4536
2026-04-05 15:35:16,452 | INFO | [VAL] epoch=1 acc=0.9740
2026-04-05 15:35:17,029 | INFO | [TRAIN] epoch=2 using attack=pgd_0
2026-04-05 15:38:31,809 | INFO | step=750 | loss=3.1433 | ce=1.9749 | attn=0.9498 | trades=0.6935
2026-04-05 15:42:03,383 | INFO | step=800 | loss=3.1309 | ce=1.9738 | attn=0.9376 | trades=0.6883
2026-04-05 15:45:34,930 | INFO | step=850 | loss=3.1358 | ce=1.9715 | attn=0.9255 | trades=0.7016
2026-04-05 15:49:06,447 | INFO | step=900 | loss=3.1301 | ce=1.9722 | attn=0.9146 | trades=0.7007
2026-04-05 15:52:37,964 | INFO | step=950 | loss=3.1296 | ce=1.9703 | attn=0.9033 | trades=0.7076
2026-04-05 15:56:09,482 | INFO | step=1000 | loss=3.1282 | ce=1.9696 | attn=0.8922 | trades=0.7125
2026-04-05 15:59:40,975 | INFO | step=1050 | loss=3.1287 | ce=1.9685 | attn=0.8810 | trades=0.7197
2026-04-05 16:03:12,466 | INFO | step=1100 | loss=3.1284 | ce=1.9679 | attn=0.8703 | trades=0.7253
2026-04-05 16:06:43,966 | INFO | step=1150 | loss=3.1259 | ce=1.9671 | attn=0.8594 | trades=0.7291
2026-04-05 16:10:15,450 | INFO | step=1200 | loss=3.1251 | ce=1.9662 | attn=0.8493 | trades=0.7343
2026-04-05 16:13:46,920 | INFO | step=1250 | loss=3.1241 | ce=1.9652 | attn=0.8390 | trades=0.7394
2026-04-05 16:17:18,418 | INFO | step=1300 | loss=3.1234 | ce=1.9644 | attn=0.8295 | trades=0.7442
2026-04-05 16:20:49,940 | INFO | step=1350 | loss=3.1238 | ce=1.9629 | attn=0.8200 | trades=0.7510
2026-04-05 16:24:21,414 | INFO | step=1400 | loss=3.1232 | ce=1.9623 | attn=0.8109 | trades=0.7554
2026-04-05 16:24:51,656 | INFO | [TEMPS] epoch=2 mean=1.5011 std=0.3311 min=0.6262 max=1.9500
2026-04-05 16:25:11,241 | INFO | [VAL] epoch=2 acc=0.9524
2026-04-05 16:25:12,280 | INFO | [TRAIN] epoch=3 using attack=pgd_0
2026-04-05 16:28:10,089 | INFO | step=1450 | loss=3.1187 | ce=1.9525 | attn=0.6751 | trades=0.8287
2026-04-05 16:31:41,583 | INFO | step=1500 | loss=3.1150 | ce=1.9485 | attn=0.6693 | trades=0.8319
2026-04-05 16:35:13,087 | INFO | step=1550 | loss=3.1155 | ce=1.9471 | attn=0.6612 | trades=0.8378
2026-04-05 16:38:44,593 | INFO | step=1600 | loss=3.1161 | ce=1.9458 | attn=0.6523 | trades=0.8442
2026-04-05 16:42:16,081 | INFO | step=1650 | loss=3.1205 | ce=1.9447 | attn=0.6463 | trades=0.8526
2026-04-05 16:45:47,541 | INFO | step=1700 | loss=3.1262 | ce=1.9419 | attn=0.6399 | trades=0.8643
2026-04-05 16:49:19,036 | INFO | step=1750 | loss=3.1299 | ce=1.9400 | attn=0.6334 | trades=0.8732
2026-04-05 16:52:50,517 | INFO | step=1800 | loss=3.1308 | ce=1.9394 | attn=0.6266 | trades=0.8781
2026-04-05 16:56:21,989 | INFO | step=1850 | loss=3.1331 | ce=1.9388 | attn=0.6204 | trades=0.8841
2026-04-05 16:59:53,468 | INFO | step=1900 | loss=3.1350 | ce=1.9385 | attn=0.6140 | trades=0.8895
2026-04-05 17:03:24,903 | INFO | step=1950 | loss=3.1360 | ce=1.9376 | attn=0.6077 | trades=0.8946
2026-04-05 17:06:56,343 | INFO | step=2000 | loss=3.1383 | ce=1.9372 | attn=0.6018 | trades=0.9002
2026-04-05 17:10:27,805 | INFO | step=2050 | loss=3.1400 | ce=1.9365 | attn=0.5960 | trades=0.9055
2026-04-05 17:13:59,263 | INFO | step=2100 | loss=3.1418 | ce=1.9354 | attn=0.5905 | trades=0.9112
2026-04-05 17:14:46,407 | INFO | [TEMPS] epoch=3 mean=1.7829 std=0.5068 min=0.5275 max=2.5966
2026-04-05 17:15:05,927 | INFO | [VAL] epoch=3 acc=0.9262
2026-04-05 17:15:06,970 | INFO | [TRAIN] epoch=4 using attack=pgd_0
2026-04-05 17:17:47,790 | INFO | step=2150 | loss=3.1890 | ce=1.9191 | attn=0.5111 | trades=1.0143
2026-04-05 17:21:19,241 | INFO | step=2200 | loss=3.1765 | ce=1.9208 | attn=0.5038 | trades=1.0038
2026-04-05 17:24:50,640 | INFO | step=2250 | loss=3.1748 | ce=1.9213 | attn=0.5001 | trades=1.0034
2026-04-05 17:28:22,037 | INFO | step=2300 | loss=3.1863 | ce=1.9188 | attn=0.4954 | trades=1.0198
2026-04-05 17:31:53,435 | INFO | step=2350 | loss=3.1881 | ce=1.9187 | attn=0.4913 | trades=1.0237
2026-04-05 17:35:24,823 | INFO | step=2400 | loss=3.1953 | ce=1.9179 | attn=0.4871 | trades=1.0339
2026-04-05 17:38:56,249 | INFO | step=2450 | loss=3.1960 | ce=1.9165 | attn=0.4827 | trades=1.0382
2026-04-05 17:42:27,644 | INFO | step=2500 | loss=3.2034 | ce=1.9159 | attn=0.4792 | trades=1.0479
2026-04-05 17:45:59,041 | INFO | step=2550 | loss=3.2050 | ce=1.9156 | attn=0.4751 | trades=1.0518
2026-04-05 17:49:30,409 | INFO | step=2600 | loss=3.2066 | ce=1.9154 | attn=0.4711 | trades=1.0556
2026-04-05 17:53:01,750 | INFO | step=2650 | loss=3.2077 | ce=1.9150 | attn=0.4676 | trades=1.0589
2026-04-05 17:56:33,094 | INFO | step=2700 | loss=3.2096 | ce=1.9143 | attn=0.4637 | trades=1.0634
2026-04-05 18:00:04,435 | INFO | step=2750 | loss=3.2095 | ce=1.9140 | attn=0.4601 | trades=1.0655
2026-04-05 18:03:35,784 | INFO | step=2800 | loss=3.2120 | ce=1.9135 | attn=0.4567 | trades=1.0702
2026-04-05 18:04:39,820 | INFO | [TEMPS] epoch=4 mean=2.0634 std=0.7091 min=0.4442 max=3.3687
2026-04-05 18:04:59,357 | INFO | [VAL] epoch=4 acc=0.8990
2026-04-05 18:05:00,417 | INFO | [TRAIN] epoch=5 using attack=pgd_1
2026-04-05 18:08:17,391 | INFO | step=2850 | loss=3.3429 | ce=1.9871 | attn=0.4236 | trades=1.1440
2026-04-05 18:13:06,866 | INFO | step=2900 | loss=3.2455 | ce=1.9912 | attn=0.4195 | trades=1.0446
2026-04-05 18:17:56,379 | INFO | step=2950 | loss=3.1774 | ce=1.9974 | attn=0.4161 | trades=0.9720
2026-04-05 18:22:45,901 | INFO | step=3000 | loss=3.1312 | ce=2.0040 | attn=0.4131 | trades=0.9206
2026-04-05 18:27:35,386 | INFO | step=3050 | loss=3.1003 | ce=2.0066 | attn=0.4105 | trades=0.8885
2026-04-05 18:32:24,873 | INFO | step=3100 | loss=3.0721 | ce=2.0092 | attn=0.4074 | trades=0.8593
2026-04-05 18:37:14,384 | INFO | step=3150 | loss=3.0496 | ce=2.0110 | attn=0.4039 | trades=0.8367
2026-04-05 18:42:03,878 | INFO | step=3200 | loss=3.0319 | ce=2.0119 | attn=0.4006 | trades=0.8197
2026-04-05 18:46:53,367 | INFO | step=3250 | loss=3.0145 | ce=2.0136 | attn=0.3974 | trades=0.8022
2026-04-05 18:51:42,843 | INFO | step=3300 | loss=3.0001 | ce=2.0149 | attn=0.3945 | trades=0.7879
2026-04-05 18:56:32,299 | INFO | step=3350 | loss=2.9869 | ce=2.0163 | attn=0.3919 | trades=0.7747
2026-04-05 19:01:21,788 | INFO | step=3400 | loss=2.9773 | ce=2.0171 | attn=0.3889 | trades=0.7658
2026-04-05 19:06:11,245 | INFO | step=3450 | loss=2.9667 | ce=2.0184 | attn=0.3859 | trades=0.7553
2026-04-05 19:11:00,705 | INFO | step=3500 | loss=2.9581 | ce=2.0193 | attn=0.3830 | trades=0.7473
2026-04-05 19:12:51,557 | INFO | [TEMPS] epoch=5 mean=2.3265 std=0.9290 min=0.4289 max=4.1163
2026-04-05 19:13:11,144 | INFO | [VAL] epoch=5 acc=0.8782
2026-04-05 19:13:12,191 | INFO | [TRAIN] epoch=6 using attack=pgd_1
2026-04-05 19:16:06,015 | INFO | step=3550 | loss=2.8395 | ce=2.0352 | attn=0.3402 | trades=0.6341
2026-04-05 19:20:55,484 | INFO | step=3600 | loss=2.8375 | ce=2.0351 | attn=0.3383 | trades=0.6332
2026-04-05 19:25:44,964 | INFO | step=3650 | loss=2.8304 | ce=2.0358 | attn=0.3367 | trades=0.6262
2026-04-05 19:30:34,455 | INFO | step=3700 | loss=2.8293 | ce=2.0364 | attn=0.3337 | trades=0.6261
2026-04-05 19:35:23,910 | INFO | step=3750 | loss=2.8262 | ce=2.0363 | attn=0.3317 | trades=0.6241
2026-04-05 19:40:13,392 | INFO | step=3800 | loss=2.8240 | ce=2.0368 | attn=0.3295 | trades=0.6224
2026-04-05 19:45:02,899 | INFO | step=3850 | loss=2.8219 | ce=2.0360 | attn=0.3272 | trades=0.6224
2026-04-05 19:49:52,410 | INFO | step=3900 | loss=2.8211 | ce=2.0358 | attn=0.3251 | trades=0.6227
2026-04-05 19:54:41,907 | INFO | step=3950 | loss=2.8221 | ce=2.0355 | attn=0.3230 | trades=0.6251
2026-04-05 19:59:31,404 | INFO | step=4000 | loss=2.8210 | ce=2.0362 | attn=0.3210 | trades=0.6244
2026-04-05 20:04:20,920 | INFO | step=4050 | loss=2.8198 | ce=2.0359 | attn=0.3191 | trades=0.6244
2026-04-05 20:09:10,478 | INFO | step=4100 | loss=2.8188 | ce=2.0358 | attn=0.3172 | trades=0.6244
2026-04-05 20:13:59,997 | INFO | step=4150 | loss=2.8179 | ce=2.0354 | attn=0.3152 | trades=0.6249
2026-04-05 20:18:49,540 | INFO | step=4200 | loss=2.8168 | ce=2.0349 | attn=0.3132 | trades=0.6252
2026-04-05 20:21:03,584 | INFO | [TEMPS] epoch=6 mean=2.5673 std=1.1485 min=0.4278 max=4.8058
2026-04-05 20:21:23,152 | INFO | [VAL] epoch=6 acc=0.8426
2026-04-05 20:21:24,192 | INFO | [TRAIN] epoch=7 using attack=pgd_1
2026-04-05 20:23:54,885 | INFO | step=4250 | loss=2.8233 | ce=2.0260 | attn=0.2865 | trades=0.6541
2026-04-05 20:28:44,417 | INFO | step=4300 | loss=2.8066 | ce=2.0352 | attn=0.2841 | trades=0.6294
2026-04-05 20:33:33,980 | INFO | step=4350 | loss=2.8047 | ce=2.0363 | attn=0.2819 | trades=0.6275
2026-04-05 20:38:23,559 | INFO | step=4400 | loss=2.8037 | ce=2.0358 | attn=0.2806 | trades=0.6276
2026-04-05 20:43:13,129 | INFO | step=4450 | loss=2.8029 | ce=2.0362 | attn=0.2794 | trades=0.6270
2026-04-05 20:48:02,736 | INFO | step=4500 | loss=2.8027 | ce=2.0364 | attn=0.2781 | trades=0.6273
2026-04-05 20:52:52,375 | INFO | step=4550 | loss=2.8012 | ce=2.0366 | attn=0.2769 | trades=0.6262
2026-04-05 20:57:42,016 | INFO | step=4600 | loss=2.7999 | ce=2.0370 | attn=0.2756 | trades=0.6252
2026-04-05 21:02:31,639 | INFO | step=4650 | loss=2.7987 | ce=2.0374 | attn=0.2744 | trades=0.6241
2026-04-05 21:07:21,333 | INFO | step=4700 | loss=2.7996 | ce=2.0365 | attn=0.2732 | trades=0.6265
2026-04-05 21:12:11,047 | INFO | step=4750 | loss=2.7997 | ce=2.0358 | attn=0.2718 | trades=0.6280
2026-04-05 21:17:00,731 | INFO | step=4800 | loss=2.7996 | ce=2.0357 | attn=0.2705 | trades=0.6287
2026-04-05 21:21:50,425 | INFO | step=4850 | loss=2.7998 | ce=2.0359 | attn=0.2692 | trades=0.6293
2026-04-05 21:26:40,163 | INFO | step=4900 | loss=2.7986 | ce=2.0360 | attn=0.2680 | trades=0.6286
2026-04-05 21:29:17,469 | INFO | [TEMPS] epoch=7 mean=2.8149 std=1.3796 min=0.4188 max=5.6962
2026-04-05 21:29:37,015 | INFO | [VAL] epoch=7 acc=0.8470
2026-04-05 21:29:38,056 | INFO | [TRAIN] epoch=8 using attack=pgd_1
2026-04-05 21:31:45,690 | INFO | step=4950 | loss=2.7977 | ce=2.0229 | attn=0.2540 | trades=0.6478
2026-04-05 21:36:35,419 | INFO | step=5000 | loss=2.7981 | ce=2.0288 | attn=0.2497 | trades=0.6445
2026-04-05 21:41:25,202 | INFO | step=5050 | loss=2.7925 | ce=2.0346 | attn=0.2482 | trades=0.6337
2026-04-05 21:46:14,959 | INFO | step=5100 | loss=2.7962 | ce=2.0343 | attn=0.2475 | trades=0.6382
2026-04-05 21:51:04,659 | INFO | step=5150 | loss=2.7967 | ce=2.0338 | attn=0.2469 | trades=0.6394
2026-04-05 21:55:54,328 | INFO | step=5200 | loss=2.7977 | ce=2.0348 | attn=0.2460 | trades=0.6399
2026-04-05 22:00:43,978 | INFO | step=5250 | loss=2.7965 | ce=2.0355 | attn=0.2451 | trades=0.6384
2026-04-05 22:05:33,617 | INFO | step=5300 | loss=2.7951 | ce=2.0355 | attn=0.2441 | trades=0.6375
2026-04-05 22:10:23,258 | INFO | step=5350 | loss=2.7952 | ce=2.0350 | attn=0.2432 | trades=0.6386
2026-04-05 22:15:12,830 | INFO | step=5400 | loss=2.7968 | ce=2.0349 | attn=0.2423 | trades=0.6407
2026-04-05 22:20:02,397 | INFO | step=5450 | loss=2.7970 | ce=2.0353 | attn=0.2414 | trades=0.6410
2026-04-05 22:24:51,895 | INFO | step=5500 | loss=2.7968 | ce=2.0351 | attn=0.2406 | trades=0.6414
2026-04-05 22:29:41,344 | INFO | step=5550 | loss=2.7971 | ce=2.0354 | attn=0.2399 | trades=0.6418
2026-04-05 22:34:30,759 | INFO | step=5600 | loss=2.7968 | ce=2.0349 | attn=0.2391 | trades=0.6423
2026-04-05 22:37:31,052 | INFO | [TEMPS] epoch=8 mean=3.0559 std=1.6163 min=0.4129 max=6.9341
2026-04-05 22:37:50,608 | INFO | [VAL] epoch=8 acc=0.8360
2026-04-05 22:37:51,651 | INFO | [TRAIN] epoch=9 using attack=pgd_1
2026-04-05 22:39:36,008 | INFO | step=5650 | loss=2.8042 | ce=2.0358 | attn=0.2300 | trades=0.6535
2026-04-05 22:44:25,393 | INFO | step=5700 | loss=2.7966 | ce=2.0325 | attn=0.2263 | trades=0.6509
2026-04-05 22:49:14,791 | INFO | step=5750 | loss=2.7883 | ce=2.0363 | attn=0.2259 | trades=0.6391
2026-04-05 22:54:04,264 | INFO | step=5800 | loss=2.7869 | ce=2.0381 | attn=0.2253 | trades=0.6362
2026-04-05 22:58:53,726 | INFO | step=5850 | loss=2.7846 | ce=2.0398 | attn=0.2249 | trades=0.6323
2026-04-05 23:03:43,188 | INFO | step=5900 | loss=2.7848 | ce=2.0405 | attn=0.2242 | trades=0.6322
2026-04-05 23:08:32,668 | INFO | step=5950 | loss=2.7868 | ce=2.0395 | attn=0.2236 | trades=0.6356
2026-04-05 23:13:22,151 | INFO | step=6000 | loss=2.7890 | ce=2.0382 | attn=0.2230 | trades=0.6392
2026-04-05 23:18:11,622 | INFO | step=6050 | loss=2.7907 | ce=2.0373 | attn=0.2226 | trades=0.6421
2026-04-05 23:23:01,081 | INFO | step=6100 | loss=2.7920 | ce=2.0371 | attn=0.2218 | trades=0.6441
2026-04-05 23:27:50,549 | INFO | step=6150 | loss=2.7916 | ce=2.0373 | attn=0.2213 | trades=0.6437
2026-04-05 23:32:39,953 | INFO | step=6200 | loss=2.7936 | ce=2.0363 | attn=0.2208 | trades=0.6469
2026-04-05 23:37:29,402 | INFO | step=6250 | loss=2.7945 | ce=2.0358 | attn=0.2202 | trades=0.6487
2026-04-05 23:42:18,860 | INFO | step=6300 | loss=2.7959 | ce=2.0355 | attn=0.2196 | trades=0.6506
2026-04-05 23:45:42,316 | INFO | [TEMPS] epoch=9 mean=3.2918 std=1.8762 min=0.3995 max=8.4197
2026-04-05 23:46:01,903 | INFO | [VAL] epoch=9 acc=0.8350
2026-04-05 23:46:02,937 | INFO | [TRAIN] epoch=10 using attack=pgd_2
2026-04-05 23:48:36,993 | INFO | step=6350 | loss=2.9957 | ce=2.1220 | attn=0.2269 | trades=0.7603
2026-04-05 23:57:46,798 | INFO | step=6400 | loss=2.8283 | ce=2.1328 | attn=0.2243 | trades=0.5834
2026-04-06 00:06:56,700 | INFO | step=6450 | loss=2.7591 | ce=2.1398 | attn=0.2227 | trades=0.5080
2026-04-06 00:16:06,537 | INFO | step=6500 | loss=2.7153 | ce=2.1421 | attn=0.2211 | trades=0.4627
2026-04-06 00:25:16,364 | INFO | step=6550 | loss=2.6862 | ce=2.1451 | attn=0.2196 | trades=0.4314
2026-04-06 00:34:26,202 | INFO | step=6600 | loss=2.6621 | ce=2.1478 | attn=0.2181 | trades=0.4052
2026-04-06 00:43:36,031 | INFO | step=6650 | loss=2.6422 | ce=2.1511 | attn=0.2164 | trades=0.3829
2026-04-06 00:52:45,825 | INFO | step=6700 | loss=2.6267 | ce=2.1534 | attn=0.2151 | trades=0.3657
2026-04-06 01:01:55,602 | INFO | step=6750 | loss=2.6140 | ce=2.1552 | attn=0.2139 | trades=0.3519
2026-04-06 01:11:05,349 | INFO | step=6800 | loss=2.6038 | ce=2.1566 | attn=0.2128 | trades=0.3408
2026-04-06 01:20:15,125 | INFO | step=6850 | loss=2.5952 | ce=2.1577 | attn=0.2115 | trades=0.3318
2026-04-06 01:29:24,893 | INFO | step=6900 | loss=2.5879 | ce=2.1584 | attn=0.2102 | trades=0.3243
2026-04-06 01:38:34,733 | INFO | step=6950 | loss=2.5809 | ce=2.1596 | attn=0.2091 | trades=0.3167
2026-04-06 01:47:44,555 | INFO | step=7000 | loss=2.5750 | ce=2.1605 | attn=0.2079 | trades=0.3106
2026-04-06 01:54:55,030 | INFO | [TEMPS] epoch=10 mean=3.5190 std=2.0866 min=0.4650 max=9.5201
2026-04-06 01:55:14,572 | INFO | [VAL] epoch=10 acc=0.8092
2026-04-06 01:55:15,605 | INFO | [TRAIN] epoch=11 using attack=pgd_2
2026-04-06 01:57:05,683 | INFO | step=7050 | loss=2.5130 | ce=2.1726 | attn=0.1929 | trades=0.2440
2026-04-06 02:06:15,533 | INFO | step=7100 | loss=2.5009 | ce=2.1761 | attn=0.1900 | trades=0.2298
2026-04-06 02:15:25,282 | INFO | step=7150 | loss=2.4995 | ce=2.1741 | attn=0.1896 | trades=0.2306
2026-04-06 02:24:35,000 | INFO | step=7200 | loss=2.4988 | ce=2.1718 | attn=0.1888 | trades=0.2327
2026-04-06 02:33:44,687 | INFO | step=7250 | loss=2.4994 | ce=2.1708 | attn=0.1880 | trades=0.2346
2026-04-06 02:42:54,374 | INFO | step=7300 | loss=2.4992 | ce=2.1710 | attn=0.1870 | trades=0.2346
2026-04-06 02:52:04,074 | INFO | step=7350 | loss=2.4980 | ce=2.1706 | attn=0.1862 | trades=0.2342
2026-04-06 03:01:13,829 | INFO | step=7400 | loss=2.4983 | ce=2.1706 | attn=0.1856 | trades=0.2349
2026-04-06 03:10:23,569 | INFO | step=7450 | loss=2.4973 | ce=2.1705 | attn=0.1848 | trades=0.2343
2026-04-06 03:19:33,266 | INFO | step=7500 | loss=2.4972 | ce=2.1704 | attn=0.1842 | trades=0.2348
2026-04-06 03:28:42,918 | INFO | step=7550 | loss=2.4966 | ce=2.1707 | attn=0.1835 | trades=0.2341
2026-04-06 03:37:52,572 | INFO | step=7600 | loss=2.4957 | ce=2.1712 | attn=0.1828 | trades=0.2331
2026-04-06 03:47:02,200 | INFO | step=7650 | loss=2.4949 | ce=2.1712 | attn=0.1821 | trades=0.2326
2026-04-06 03:56:11,859 | INFO | step=7700 | loss=2.4943 | ce=2.1714 | attn=0.1813 | trades=0.2323
2026-04-06 04:04:06,192 | INFO | [TEMPS] epoch=11 mean=3.7006 std=2.2928 min=0.5017 max=10.6664
2026-04-06 04:04:25,756 | INFO | [VAL] epoch=11 acc=0.7900
2026-04-06 04:04:26,802 | INFO | [TRAIN] epoch=12 using attack=pgd_2
2026-04-06 04:05:32,891 | INFO | step=7750 | loss=2.4920 | ce=2.1773 | attn=0.1684 | trades=0.2305
2026-04-06 04:14:42,642 | INFO | step=7800 | loss=2.4878 | ce=2.1727 | attn=0.1705 | trades=0.2298
2026-04-06 04:23:52,288 | INFO | step=7850 | loss=2.4853 | ce=2.1729 | attn=0.1698 | trades=0.2274
2026-04-06 04:33:01,926 | INFO | step=7900 | loss=2.4859 | ce=2.1715 | attn=0.1695 | trades=0.2297
2026-04-06 04:42:11,585 | INFO | step=7950 | loss=2.4856 | ce=2.1712 | attn=0.1689 | trades=0.2299
2026-04-06 04:51:21,229 | INFO | step=8000 | loss=2.4858 | ce=2.1714 | attn=0.1686 | trades=0.2302
2026-04-06 05:00:30,811 | INFO | step=8050 | loss=2.4848 | ce=2.1725 | attn=0.1681 | trades=0.2282
2026-04-06 05:09:40,438 | INFO | step=8100 | loss=2.4838 | ce=2.1730 | attn=0.1678 | trades=0.2269
2026-04-06 05:18:50,090 | INFO | step=8150 | loss=2.4831 | ce=2.1731 | attn=0.1673 | trades=0.2263
2026-04-06 05:27:59,657 | INFO | step=8200 | loss=2.4827 | ce=2.1729 | attn=0.1667 | trades=0.2264
2026-04-06 05:37:09,249 | INFO | step=8250 | loss=2.4823 | ce=2.1733 | attn=0.1663 | trades=0.2258
2026-04-06 05:46:18,854 | INFO | step=8300 | loss=2.4821 | ce=2.1730 | attn=0.1658 | trades=0.2262
2026-04-06 05:55:28,437 | INFO | step=8350 | loss=2.4816 | ce=2.1731 | attn=0.1653 | trades=0.2259
2026-04-06 06:04:38,035 | INFO | step=8400 | loss=2.4813 | ce=2.1730 | attn=0.1648 | trades=0.2259
2026-04-06 06:13:16,431 | INFO | [TEMPS] epoch=12 mean=3.8956 std=2.5345 min=0.5339 max=12.0812
2026-04-06 06:13:36,003 | INFO | [VAL] epoch=12 acc=0.8278
2026-04-06 06:13:37,042 | INFO | [TRAIN] epoch=13 using attack=pgd_2
2026-04-06 06:13:59,215 | INFO | step=8450 | loss=2.4791 | ce=2.1674 | attn=0.1585 | trades=0.2324
2026-04-06 06:23:08,900 | INFO | step=8500 | loss=2.4787 | ce=2.1735 | attn=0.1577 | trades=0.2263
2026-04-06 06:32:18,619 | INFO | step=8550 | loss=2.4793 | ce=2.1707 | attn=0.1571 | trades=0.2300
2026-04-06 06:41:28,377 | INFO | step=8600 | loss=2.4775 | ce=2.1724 | attn=0.1569 | trades=0.2267
2026-04-06 06:50:38,115 | INFO | step=8650 | loss=2.4763 | ce=2.1729 | attn=0.1564 | trades=0.2252
2026-04-06 06:59:47,848 | INFO | step=8700 | loss=2.4766 | ce=2.1724 | attn=0.1560 | trades=0.2262
2026-04-06 07:08:57,587 | INFO | step=8750 | loss=2.4774 | ce=2.1725 | attn=0.1558 | trades=0.2270
2026-04-06 07:18:07,388 | INFO | step=8800 | loss=2.4770 | ce=2.1733 | attn=0.1555 | trades=0.2260
2026-04-06 07:27:17,106 | INFO | step=8850 | loss=2.4766 | ce=2.1737 | attn=0.1553 | trades=0.2252
2026-04-06 07:36:26,796 | INFO | step=8900 | loss=2.4762 | ce=2.1739 | attn=0.1551 | trades=0.2248
2026-04-06 07:45:36,532 | INFO | step=8950 | loss=2.4758 | ce=2.1743 | attn=0.1548 | trades=0.2241
2026-04-06 07:54:46,292 | INFO | step=9000 | loss=2.4755 | ce=2.1742 | attn=0.1546 | trades=0.2240
2026-04-06 08:03:55,964 | INFO | step=9050 | loss=2.4757 | ce=2.1740 | attn=0.1543 | trades=0.2245
2026-04-06 08:13:05,573 | INFO | step=9100 | loss=2.4754 | ce=2.1740 | attn=0.1541 | trades=0.2244
2026-04-06 08:22:15,189 | INFO | step=9150 | loss=2.4753 | ce=2.1740 | attn=0.1538 | trades=0.2244
2026-04-06 08:22:27,807 | INFO | [TEMPS] epoch=13 mean=4.0860 std=2.8018 min=0.5452 max=13.7298
2026-04-06 08:22:47,334 | INFO | [VAL] epoch=13 acc=0.8356
2026-04-06 08:22:48,364 | INFO | [TRAIN] epoch=14 using attack=pgd_2
2026-04-06 08:31:36,337 | INFO | step=9200 | loss=2.4722 | ce=2.1752 | attn=0.1505 | trades=0.2218
2026-04-06 08:40:46,094 | INFO | step=9250 | loss=2.4707 | ce=2.1776 | attn=0.1497 | trades=0.2182
2026-04-06 08:49:55,823 | INFO | step=9300 | loss=2.4690 | ce=2.1782 | attn=0.1494 | trades=0.2162
2026-04-06 08:59:05,539 | INFO | step=9350 | loss=2.4683 | ce=2.1781 | attn=0.1488 | trades=0.2159
2026-04-06 09:08:15,140 | INFO | step=9400 | loss=2.4691 | ce=2.1773 | attn=0.1484 | trades=0.2176
2026-04-06 09:17:24,777 | INFO | step=9450 | loss=2.4697 | ce=2.1762 | attn=0.1482 | trades=0.2193
2026-04-06 09:26:34,493 | INFO | step=9500 | loss=2.4703 | ce=2.1761 | attn=0.1481 | trades=0.2202
2026-04-06 09:35:44,117 | INFO | step=9550 | loss=2.4704 | ce=2.1759 | attn=0.1478 | trades=0.2206
2026-04-06 09:44:53,823 | INFO | step=9600 | loss=2.4700 | ce=2.1760 | attn=0.1475 | trades=0.2203
2026-04-06 09:54:03,558 | INFO | step=9650 | loss=2.4702 | ce=2.1754 | attn=0.1473 | trades=0.2211
2026-04-06 10:03:13,277 | INFO | step=9700 | loss=2.4705 | ce=2.1749 | attn=0.1471 | trades=0.2221
2026-04-06 10:12:23,025 | INFO | step=9750 | loss=2.4709 | ce=2.1747 | attn=0.1469 | trades=0.2228
2026-04-06 10:21:32,847 | INFO | step=9800 | loss=2.4709 | ce=2.1749 | attn=0.1467 | trades=0.2227
2026-04-06 10:30:42,772 | INFO | step=9850 | loss=2.4705 | ce=2.1753 | attn=0.1465 | trades=0.2221
2026-04-06 10:31:39,384 | INFO | [TEMPS] epoch=14 mean=4.2842 std=3.1022 min=0.5524 max=15.6089
2026-04-06 10:31:58,937 | INFO | [VAL] epoch=14 acc=0.8094
2026-04-06 10:32:00,011 | INFO | [TRAIN] epoch=15 using attack=pgd_2
2026-04-06 10:40:04,074 | INFO | step=9900 | loss=2.4656 | ce=2.1741 | attn=0.1434 | trades=0.2199
2026-04-06 10:49:13,979 | INFO | step=9950 | loss=2.4668 | ce=2.1735 | attn=0.1439 | trades=0.2215
2026-04-06 10:58:24,056 | INFO | step=10000 | loss=2.4690 | ce=2.1744 | attn=0.1434 | trades=0.2228
2026-04-06 11:07:34,193 | INFO | step=10050 | loss=2.4675 | ce=2.1742 | attn=0.1433 | trades=0.2217
2026-04-06 11:16:44,298 | INFO | step=10100 | loss=2.4675 | ce=2.1739 | attn=0.1428 | trades=0.2223
2026-04-06 11:25:54,306 | INFO | step=10150 | loss=2.4674 | ce=2.1748 | attn=0.1423 | trades=0.2215
2026-04-06 11:35:04,218 | INFO | step=10200 | loss=2.4675 | ce=2.1752 | attn=0.1421 | trades=0.2213
2026-04-06 11:44:14,166 | INFO | step=10250 | loss=2.4676 | ce=2.1747 | attn=0.1419 | trades=0.2220
2026-04-06 11:53:24,098 | INFO | step=10300 | loss=2.4678 | ce=2.1751 | attn=0.1417 | trades=0.2219
2026-04-06 12:02:34,065 | INFO | step=10350 | loss=2.4681 | ce=2.1751 | attn=0.1416 | trades=0.2222
2026-04-06 12:16:24,338 | INFO | step=10400 | loss=2.4678 | ce=2.1754 | attn=0.1415 | trades=0.2215
2026-04-06 12:32:20,848 | INFO | step=10450 | loss=2.4677 | ce=2.1756 | attn=0.1414 | trades=0.2215
2026-04-06 12:42:06,628 | INFO | step=10500 | loss=2.4676 | ce=2.1757 | attn=0.1412 | trades=0.2213
2026-04-06 12:51:16,614 | INFO | step=10550 | loss=2.4670 | ce=2.1759 | attn=0.1410 | trades=0.2206
2026-04-06 12:52:57,250 | INFO | [TEMPS] epoch=15 mean=4.4756 std=3.4349 min=0.5492 max=17.8573
2026-04-06 12:53:16,785 | INFO | [VAL] epoch=15 acc=0.8176
2026-04-06 12:53:17,842 | INFO | [TRAIN] epoch=16 using attack=cw_0
2026-04-06 12:54:25,412 | INFO | step=10600 | loss=2.0739 | ce=1.7057 | attn=0.0364 | trades=0.3500
2026-04-06 12:55:49,682 | INFO | step=10650 | loss=2.1334 | ce=1.4696 | attn=0.0383 | trades=0.6447
2026-04-06 12:57:13,964 | INFO | step=10700 | loss=2.1432 | ce=1.3311 | attn=0.0384 | trades=0.7929
2026-04-06 12:58:38,278 | INFO | step=10750 | loss=2.1344 | ce=1.2436 | attn=0.0387 | trades=0.8715
2026-04-06 13:00:02,606 | INFO | step=10800 | loss=2.1339 | ce=1.1797 | attn=0.0386 | trades=0.9349
2026-04-06 13:01:26,949 | INFO | step=10850 | loss=2.1273 | ce=1.1311 | attn=0.0390 | trades=0.9767
2026-04-06 13:02:51,291 | INFO | step=10900 | loss=2.1405 | ce=1.0936 | attn=0.0399 | trades=1.0270
2026-04-06 13:04:15,616 | INFO | step=10950 | loss=2.1429 | ce=1.0611 | attn=0.0404 | trades=1.0615
2026-04-06 13:05:39,930 | INFO | step=11000 | loss=2.1482 | ce=1.0327 | attn=0.0409 | trades=1.0950
2026-04-06 13:07:04,262 | INFO | step=11050 | loss=2.1469 | ce=1.0085 | attn=0.0415 | trades=1.1177
2026-04-06 13:08:28,612 | INFO | step=11100 | loss=2.1376 | ce=0.9872 | attn=0.0419 | trades=1.1295
2026-04-06 13:09:52,996 | INFO | step=11150 | loss=2.1273 | ce=0.9672 | attn=0.0421 | trades=1.1390
2026-04-06 13:11:17,380 | INFO | step=11200 | loss=2.1246 | ce=0.9499 | attn=0.0424 | trades=1.1536
2026-04-06 13:12:41,758 | INFO | step=11250 | loss=2.1219 | ce=0.9351 | attn=0.0426 | trades=1.1655
2026-04-06 13:13:03,948 | INFO | [TEMPS] epoch=16 mean=3.7496 std=3.3232 min=0.4600 max=21.1657
2026-04-06 13:13:23,508 | INFO | [VAL] epoch=16 acc=0.9180
2026-04-06 13:13:24,541 | INFO | [TRAIN] epoch=17 using attack=cw_0
2026-04-06 13:14:25,472 | INFO | step=11300 | loss=1.9553 | ce=0.7231 | attn=0.0446 | trades=1.2098
2026-04-06 13:15:49,830 | INFO | step=11350 | loss=2.0061 | ce=0.7269 | attn=0.0466 | trades=1.2559
2026-04-06 13:17:14,186 | INFO | step=11400 | loss=2.0153 | ce=0.7234 | attn=0.0471 | trades=1.2683
2026-04-06 13:18:38,535 | INFO | step=11450 | loss=2.0386 | ce=0.7219 | attn=0.0480 | trades=1.2927
2026-04-06 13:20:02,861 | INFO | step=11500 | loss=2.0470 | ce=0.7184 | attn=0.0479 | trades=1.3046
2026-04-06 13:21:27,210 | INFO | step=11550 | loss=2.0564 | ce=0.7210 | attn=0.0486 | trades=1.3111
2026-04-06 13:22:51,554 | INFO | step=11600 | loss=2.0679 | ce=0.7207 | attn=0.0490 | trades=1.3227
2026-04-06 13:24:15,895 | INFO | step=11650 | loss=2.0786 | ce=0.7204 | attn=0.0494 | trades=1.3335
2026-04-06 13:25:40,236 | INFO | step=11700 | loss=2.0825 | ce=0.7193 | attn=0.0499 | trades=1.3383
2026-04-06 13:27:04,573 | INFO | step=11750 | loss=2.0898 | ce=0.7180 | attn=0.0504 | trades=1.3466
2026-04-06 13:28:28,931 | INFO | step=11800 | loss=2.0851 | ce=0.7152 | attn=0.0507 | trades=1.3446
2026-04-06 13:29:53,280 | INFO | step=11850 | loss=2.0902 | ce=0.7134 | attn=0.0512 | trades=1.3512
2026-04-06 13:31:17,643 | INFO | step=11900 | loss=2.0922 | ce=0.7118 | attn=0.0515 | trades=1.3547
2026-04-06 13:32:41,994 | INFO | step=11950 | loss=2.0899 | ce=0.7101 | attn=0.0518 | trades=1.3540
2026-04-06 13:33:10,941 | INFO | [TEMPS] epoch=17 mean=3.6054 std=3.3997 min=0.4118 max=22.2872
2026-04-06 13:33:30,479 | INFO | [VAL] epoch=17 acc=0.9232
2026-04-06 13:33:31,530 | INFO | [TRAIN] epoch=18 using attack=cw_0
2026-04-06 13:34:25,732 | INFO | step=12000 | loss=2.1329 | ce=0.6710 | attn=0.0579 | trades=1.4330
2026-04-06 13:35:50,175 | INFO | step=12050 | loss=2.1131 | ce=0.6733 | attn=0.0566 | trades=1.4115
2026-04-06 13:37:14,562 | INFO | step=12100 | loss=2.0967 | ce=0.6708 | attn=0.0561 | trades=1.3978
2026-04-06 13:38:38,928 | INFO | step=12150 | loss=2.0676 | ce=0.6662 | attn=0.0564 | trades=1.3732
2026-04-06 13:40:03,306 | INFO | step=12200 | loss=2.0665 | ce=0.6633 | attn=0.0561 | trades=1.3751
2026-04-06 13:41:27,657 | INFO | step=12250 | loss=2.0680 | ce=0.6614 | attn=0.0560 | trades=1.3785
2026-04-06 13:42:52,029 | INFO | step=12300 | loss=2.0625 | ce=0.6597 | attn=0.0560 | trades=1.3747
2026-04-06 13:44:16,386 | INFO | step=12350 | loss=2.0538 | ce=0.6576 | attn=0.0559 | trades=1.3682
2026-04-06 13:45:40,751 | INFO | step=12400 | loss=2.0476 | ce=0.6551 | attn=0.0560 | trades=1.3646
2026-04-06 13:47:05,137 | INFO | step=12450 | loss=2.0421 | ce=0.6537 | attn=0.0559 | trades=1.3604
2026-04-06 13:48:29,509 | INFO | step=12500 | loss=2.0477 | ce=0.6523 | attn=0.0561 | trades=1.3674
2026-04-06 13:49:53,912 | INFO | step=12550 | loss=2.0391 | ce=0.6498 | attn=0.0562 | trades=1.3612
2026-04-06 13:51:18,276 | INFO | step=12600 | loss=2.0366 | ce=0.6479 | attn=0.0562 | trades=1.3606
2026-04-06 13:52:42,673 | INFO | step=12650 | loss=2.0380 | ce=0.6461 | attn=0.0562 | trades=1.3638
2026-04-06 13:53:18,382 | INFO | [TEMPS] epoch=18 mean=3.5120 std=3.4857 min=0.3915 max=23.4199
2026-04-06 13:53:37,913 | INFO | [VAL] epoch=18 acc=0.9300
2026-04-06 13:53:38,958 | INFO | [TRAIN] epoch=19 using attack=cw_0
2026-04-06 13:54:26,341 | INFO | step=12700 | loss=2.0923 | ce=0.6184 | attn=0.0606 | trades=1.4436
2026-04-06 13:55:50,874 | INFO | step=12750 | loss=2.0437 | ce=0.6067 | attn=0.0592 | trades=1.4074
2026-04-06 13:57:15,382 | INFO | step=12800 | loss=2.0140 | ce=0.6092 | attn=0.0579 | trades=1.3759
2026-04-06 13:58:39,859 | INFO | step=12850 | loss=1.9876 | ce=0.6037 | attn=0.0574 | trades=1.3552
2026-04-06 14:00:04,340 | INFO | step=12900 | loss=1.9910 | ce=0.6036 | attn=0.0578 | trades=1.3585
2026-04-06 14:01:28,788 | INFO | step=12950 | loss=2.0021 | ce=0.6037 | attn=0.0581 | trades=1.3694
2026-04-06 14:02:53,207 | INFO | step=13000 | loss=1.9981 | ce=0.6029 | attn=0.0585 | trades=1.3660
2026-04-06 14:04:17,604 | INFO | step=13050 | loss=2.0066 | ce=0.6031 | attn=0.0590 | trades=1.3740
2026-04-06 14:05:42,016 | INFO | step=13100 | loss=2.0180 | ce=0.6020 | attn=0.0593 | trades=1.3864
2026-04-06 14:07:06,418 | INFO | step=13150 | loss=2.0158 | ce=0.6013 | attn=0.0592 | trades=1.3850
2026-04-06 14:08:30,828 | INFO | step=13200 | loss=2.0182 | ce=0.6004 | attn=0.0591 | trades=1.3882
2026-04-06 14:09:55,260 | INFO | step=13250 | loss=2.0201 | ce=0.5997 | attn=0.0593 | trades=1.3908
2026-04-06 14:11:19,678 | INFO | step=13300 | loss=2.0179 | ce=0.5985 | attn=0.0593 | trades=1.3898
2026-04-06 14:12:44,153 | INFO | step=13350 | loss=2.0229 | ce=0.5975 | attn=0.0593 | trades=1.3957
2026-04-06 14:13:26,612 | INFO | [TEMPS] epoch=19 mean=3.4528 std=3.5689 min=0.3804 max=24.5473
2026-04-06 14:13:46,170 | INFO | [VAL] epoch=19 acc=0.9390
2026-04-06 14:13:47,210 | INFO | [TRAIN] epoch=20 using attack=cw_0
2026-04-06 14:14:27,934 | INFO | step=13400 | loss=2.0700 | ce=0.5821 | attn=0.0606 | trades=1.4575
2026-04-06 14:15:52,355 | INFO | step=13450 | loss=2.0295 | ce=0.5852 | attn=0.0618 | trades=1.4134
2026-04-06 14:17:16,777 | INFO | step=13500 | loss=2.0097 | ce=0.5898 | attn=0.0621 | trades=1.3889
2026-04-06 14:18:41,174 | INFO | step=13550 | loss=2.0138 | ce=0.5875 | attn=0.0622 | trades=1.3953
2026-04-06 14:20:05,592 | INFO | step=13600 | loss=1.9949 | ce=0.5808 | attn=0.0621 | trades=1.3831
2026-04-06 14:21:29,960 | INFO | step=13650 | loss=2.0003 | ce=0.5823 | attn=0.0619 | trades=1.3871
2026-04-06 14:22:54,333 | INFO | step=13700 | loss=2.0096 | ce=0.5833 | attn=0.0618 | trades=1.3953
2026-04-06 14:24:18,724 | INFO | step=13750 | loss=2.0090 | ce=0.5813 | attn=0.0617 | trades=1.3969
2026-04-06 14:25:43,114 | INFO | step=13800 | loss=2.0129 | ce=0.5804 | attn=0.0617 | trades=1.4016
2026-04-06 14:27:07,524 | INFO | step=13850 | loss=2.0125 | ce=0.5791 | attn=0.0615 | trades=1.4026
2026-04-06 14:28:31,938 | INFO | step=13900 | loss=2.0150 | ce=0.5771 | attn=0.0619 | trades=1.4070
2026-04-06 14:29:56,330 | INFO | step=13950 | loss=2.0214 | ce=0.5759 | attn=0.0620 | trades=1.4145
2026-04-06 14:31:20,756 | INFO | step=14000 | loss=2.0219 | ce=0.5739 | attn=0.0621 | trades=1.4169
2026-04-06 14:32:45,169 | INFO | step=14050 | loss=2.0213 | ce=0.5735 | attn=0.0623 | trades=1.4166
2026-04-06 14:33:34,380 | INFO | [TEMPS] epoch=20 mean=3.4047 std=3.6497 min=0.3774 max=25.6583
2026-04-06 14:33:53,908 | INFO | [VAL] epoch=20 acc=0.9400
2026-04-06 17:41:23,986 | INFO | Done.
