2026-04-03 15:45:04,673 | INFO | Run dir: outputs/2026-04-03_15-45-04_asts_deit_base_cifar10__ce_adv_only
2026-04-03 15:45:06,006 | INFO | Train samples: 45000, Val samples: 1247, Test samples: 2500
2026-04-03 15:45:08,022 | INFO | Trainable tensors: 14
2026-04-03 15:45:08,022 | INFO | Trainable scalars: 7834
2026-04-03 15:45:08,022 | INFO | Train attack schedule (in order): pgd_0@6, pgd_1@7, pgd_2@7
2026-04-03 15:45:08,022 | INFO | Eval attacks (in order): pgd_3, pgd_4, cw_0, autoattack_0
2026-04-03 15:45:08,022 | INFO | Device: cuda:0
2026-04-03 15:45:08,022 | INFO | Injected attention modules: 12
2026-04-03 15:45:08,023 | INFO | Mixed precision (AMP) enabled with GradScaler
2026-04-03 15:45:08,023 | INFO | Per-epoch train attacks: e1:pgd_0, e2:pgd_0, e3:pgd_0, e4:pgd_0, e5:pgd_0, e6:pgd_0, e7:pgd_1, e8:pgd_1, e9:pgd_1, e10:pgd_1, e11:pgd_1, e12:pgd_1, e13:pgd_1, e14:pgd_2, e15:pgd_2, e16:pgd_2, e17:pgd_2, e18:pgd_2, e19:pgd_2, e20:pgd_2
2026-04-03 15:45:18,235 | INFO | Evaluating baseline model on attack #1/4 started..
2026-04-03 15:52:21,973 | INFO | Evaluating baseline model on attack #2/4 started..
2026-04-03 16:27:04,113 | INFO | Evaluating baseline model on attack #3/4 started..
2026-04-03 16:29:14,859 | INFO | Evaluating baseline model on attack #4/4 started..
2026-04-03 16:33:31,285 | INFO | [BASELINE] wrote metrics/test_metrics_baseline.csv
2026-04-03 16:33:31,286 | INFO | [TRAIN] epoch=1 using attack=pgd_0
2026-04-03 16:36:12,441 | INFO | step=50 | loss=0.5437 | ce=0.0693 | kl=0.9486
2026-04-03 16:38:53,263 | INFO | step=100 | loss=0.5298 | ce=0.0600 | kl=0.9396
2026-04-03 16:41:34,082 | INFO | step=150 | loss=0.5247 | ce=0.0608 | kl=0.9277
2026-04-03 16:44:14,863 | INFO | step=200 | loss=0.5182 | ce=0.0599 | kl=0.9165
2026-04-03 16:46:55,684 | INFO | step=250 | loss=0.5107 | ce=0.0566 | kl=0.9081
2026-04-03 16:49:36,484 | INFO | step=300 | loss=0.5060 | ce=0.0570 | kl=0.8981
2026-04-03 16:52:17,287 | INFO | step=350 | loss=0.5024 | ce=0.0581 | kl=0.8887
2026-04-03 16:54:58,089 | INFO | step=400 | loss=0.4968 | ce=0.0570 | kl=0.8795
2026-04-03 16:57:38,880 | INFO | step=450 | loss=0.4913 | ce=0.0560 | kl=0.8705
2026-04-03 17:00:19,671 | INFO | step=500 | loss=0.4875 | ce=0.0568 | kl=0.8614
2026-04-03 17:03:00,460 | INFO | step=550 | loss=0.4837 | ce=0.0572 | kl=0.8529
2026-04-03 17:05:41,238 | INFO | step=600 | loss=0.4791 | ce=0.0568 | kl=0.8444
2026-04-03 17:08:22,043 | INFO | step=650 | loss=0.4746 | ce=0.0565 | kl=0.8361
2026-04-03 17:11:02,830 | INFO | step=700 | loss=0.4710 | ce=0.0571 | kl=0.8278
2026-04-03 17:11:20,150 | INFO | [VAL] epoch=1 acc=0.9872
2026-04-03 17:11:20,704 | INFO | [TRAIN] epoch=2 using attack=pgd_0
2026-04-03 17:13:48,787 | INFO | step=750 | loss=0.4182 | ce=0.0616 | kl=0.7133
2026-04-03 17:16:29,551 | INFO | step=800 | loss=0.4074 | ce=0.0531 | kl=0.7086
2026-04-03 17:19:10,317 | INFO | step=850 | loss=0.4046 | ce=0.0538 | kl=0.7017
2026-04-03 17:21:51,102 | INFO | step=900 | loss=0.4011 | ce=0.0539 | kl=0.6945
2026-04-03 17:24:31,898 | INFO | step=950 | loss=0.3992 | ce=0.0550 | kl=0.6884
2026-04-03 17:27:12,698 | INFO | step=1000 | loss=0.3951 | ce=0.0538 | kl=0.6826
2026-04-03 17:29:53,495 | INFO | step=1050 | loss=0.3907 | ce=0.0522 | kl=0.6771
2026-04-03 17:32:34,305 | INFO | step=1100 | loss=0.3862 | ce=0.0502 | kl=0.6721
2026-04-03 17:35:15,128 | INFO | step=1150 | loss=0.3834 | ce=0.0501 | kl=0.6666
2026-04-03 17:37:55,938 | INFO | step=1200 | loss=0.3808 | ce=0.0500 | kl=0.6616
2026-04-03 17:40:36,761 | INFO | step=1250 | loss=0.3778 | ce=0.0493 | kl=0.6570
2026-04-03 17:43:17,590 | INFO | step=1300 | loss=0.3752 | ce=0.0493 | kl=0.6519
2026-04-03 17:45:58,402 | INFO | step=1350 | loss=0.3732 | ce=0.0498 | kl=0.6468
2026-04-03 17:48:39,235 | INFO | step=1400 | loss=0.3706 | ce=0.0496 | kl=0.6420
2026-04-03 17:49:09,360 | INFO | [VAL] epoch=2 acc=0.9872
2026-04-03 17:49:10,369 | INFO | [TRAIN] epoch=3 using attack=pgd_0
2026-04-03 17:51:25,624 | INFO | step=1450 | loss=0.3396 | ce=0.0534 | kl=0.5724
2026-04-03 17:54:06,444 | INFO | step=1500 | loss=0.3380 | ce=0.0534 | kl=0.5692
2026-04-03 17:56:47,283 | INFO | step=1550 | loss=0.3352 | ce=0.0528 | kl=0.5647
2026-04-03 17:59:28,109 | INFO | step=1600 | loss=0.3340 | ce=0.0534 | kl=0.5612
2026-04-03 18:02:08,939 | INFO | step=1650 | loss=0.3301 | ce=0.0512 | kl=0.5578
2026-04-03 18:04:49,777 | INFO | step=1700 | loss=0.3273 | ce=0.0502 | kl=0.5543
2026-04-03 18:07:30,596 | INFO | step=1750 | loss=0.3246 | ce=0.0491 | kl=0.5509
2026-04-03 18:10:11,427 | INFO | step=1800 | loss=0.3226 | ce=0.0487 | kl=0.5478
2026-04-03 18:12:52,238 | INFO | step=1850 | loss=0.3207 | ce=0.0485 | kl=0.5442
2026-04-03 18:15:33,082 | INFO | step=1900 | loss=0.3186 | ce=0.0483 | kl=0.5406
2026-04-03 18:18:13,904 | INFO | step=1950 | loss=0.3171 | ce=0.0483 | kl=0.5375
2026-04-03 18:20:54,722 | INFO | step=2000 | loss=0.3150 | ce=0.0479 | kl=0.5343
2026-04-03 18:23:35,550 | INFO | step=2050 | loss=0.3131 | ce=0.0476 | kl=0.5310
2026-04-03 18:26:16,334 | INFO | step=2100 | loss=0.3117 | ce=0.0478 | kl=0.5278
2026-04-03 18:26:59,318 | INFO | [VAL] epoch=3 acc=0.9856
2026-04-03 18:27:00,366 | INFO | [TRAIN] epoch=4 using attack=pgd_0
2026-04-03 18:29:02,731 | INFO | step=2150 | loss=0.2923 | ce=0.0532 | kl=0.4782
2026-04-03 18:31:43,552 | INFO | step=2200 | loss=0.2836 | ce=0.0453 | kl=0.4766
2026-04-03 18:34:24,355 | INFO | step=2250 | loss=0.2834 | ce=0.0467 | kl=0.4734
2026-04-03 18:37:05,170 | INFO | step=2300 | loss=0.2813 | ce=0.0454 | kl=0.4718
2026-04-03 18:39:45,957 | INFO | step=2350 | loss=0.2811 | ce=0.0463 | kl=0.4697
2026-04-03 18:42:26,747 | INFO | step=2400 | loss=0.2784 | ce=0.0447 | kl=0.4675
2026-04-03 18:45:07,544 | INFO | step=2450 | loss=0.2784 | ce=0.0458 | kl=0.4651
2026-04-03 18:47:48,317 | INFO | step=2500 | loss=0.2779 | ce=0.0465 | kl=0.4628
2026-04-03 18:50:29,093 | INFO | step=2550 | loss=0.2774 | ce=0.0475 | kl=0.4599
2026-04-03 18:53:09,855 | INFO | step=2600 | loss=0.2767 | ce=0.0479 | kl=0.4577
2026-04-03 18:55:50,642 | INFO | step=2650 | loss=0.2751 | ce=0.0475 | kl=0.4552
2026-04-03 18:58:31,430 | INFO | step=2700 | loss=0.2745 | ce=0.0479 | kl=0.4532
2026-04-03 19:01:12,225 | INFO | step=2750 | loss=0.2732 | ce=0.0475 | kl=0.4514
2026-04-03 19:03:53,000 | INFO | step=2800 | loss=0.2718 | ce=0.0472 | kl=0.4491
2026-04-03 19:04:48,814 | INFO | [VAL] epoch=4 acc=0.9832
2026-04-03 19:04:49,846 | INFO | [TRAIN] epoch=5 using attack=pgd_0
2026-04-03 19:06:39,313 | INFO | step=2850 | loss=0.2500 | ce=0.0430 | kl=0.4139
2026-04-03 19:09:20,097 | INFO | step=2900 | loss=0.2541 | ce=0.0463 | kl=0.4156
2026-04-03 19:12:00,897 | INFO | step=2950 | loss=0.2553 | ce=0.0486 | kl=0.4134
2026-04-03 19:14:41,685 | INFO | step=3000 | loss=0.2532 | ce=0.0474 | kl=0.4116
2026-04-03 19:17:22,494 | INFO | step=3050 | loss=0.2547 | ce=0.0497 | kl=0.4100
2026-04-03 19:20:03,287 | INFO | step=3100 | loss=0.2518 | ce=0.0476 | kl=0.4084
2026-04-03 19:22:44,094 | INFO | step=3150 | loss=0.2496 | ce=0.0462 | kl=0.4068
2026-04-03 19:25:24,893 | INFO | step=3200 | loss=0.2492 | ce=0.0466 | kl=0.4052
2026-04-03 19:28:05,691 | INFO | step=3250 | loss=0.2488 | ce=0.0469 | kl=0.4037
2026-04-03 19:30:46,500 | INFO | step=3300 | loss=0.2485 | ce=0.0474 | kl=0.4023
2026-04-03 19:33:27,286 | INFO | step=3350 | loss=0.2481 | ce=0.0478 | kl=0.4007
2026-04-03 19:36:08,076 | INFO | step=3400 | loss=0.2474 | ce=0.0479 | kl=0.3990
2026-04-03 19:38:48,888 | INFO | step=3450 | loss=0.2461 | ce=0.0473 | kl=0.3976
2026-04-03 19:41:29,671 | INFO | step=3500 | loss=0.2454 | ce=0.0473 | kl=0.3961
2026-04-03 19:42:38,347 | INFO | [VAL] epoch=5 acc=0.9856
2026-04-03 19:42:39,387 | INFO | [TRAIN] epoch=6 using attack=pgd_0
2026-04-03 19:44:16,023 | INFO | step=3550 | loss=0.2193 | ce=0.0320 | kl=0.3745
2026-04-03 19:46:56,790 | INFO | step=3600 | loss=0.2279 | ce=0.0418 | kl=0.3722
2026-04-03 19:49:37,583 | INFO | step=3650 | loss=0.2284 | ce=0.0426 | kl=0.3716
2026-04-03 19:52:18,399 | INFO | step=3700 | loss=0.2279 | ce=0.0424 | kl=0.3710
2026-04-03 19:54:59,225 | INFO | step=3750 | loss=0.2267 | ce=0.0420 | kl=0.3695
2026-04-03 19:57:40,060 | INFO | step=3800 | loss=0.2265 | ce=0.0426 | kl=0.3679
2026-04-03 20:00:20,867 | INFO | step=3850 | loss=0.2276 | ce=0.0446 | kl=0.3660
2026-04-03 20:03:01,665 | INFO | step=3900 | loss=0.2280 | ce=0.0456 | kl=0.3648
2026-04-03 20:05:42,469 | INFO | step=3950 | loss=0.2268 | ce=0.0449 | kl=0.3638
2026-04-03 20:08:23,281 | INFO | step=4000 | loss=0.2265 | ce=0.0451 | kl=0.3629
2026-04-03 20:11:04,089 | INFO | step=4050 | loss=0.2271 | ce=0.0462 | kl=0.3618
2026-04-03 20:13:44,900 | INFO | step=4100 | loss=0.2270 | ce=0.0467 | kl=0.3607
2026-04-03 20:16:25,697 | INFO | step=4150 | loss=0.2267 | ce=0.0470 | kl=0.3593
2026-04-03 20:19:06,505 | INFO | step=4200 | loss=0.2267 | ce=0.0475 | kl=0.3583
2026-04-03 20:20:28,046 | INFO | [VAL] epoch=6 acc=0.9824
2026-04-03 20:20:29,136 | INFO | [TRAIN] epoch=7 using attack=pgd_1
2026-04-03 20:23:01,114 | INFO | step=4250 | loss=0.2606 | ce=0.0457 | kl=0.4298
2026-04-03 20:27:53,079 | INFO | step=4300 | loss=0.2618 | ce=0.0456 | kl=0.4325
2026-04-03 20:32:44,963 | INFO | step=4350 | loss=0.2598 | ce=0.0446 | kl=0.4304
2026-04-03 20:37:36,897 | INFO | step=4400 | loss=0.2613 | ce=0.0465 | kl=0.4296
2026-04-03 20:42:28,808 | INFO | step=4450 | loss=0.2622 | ce=0.0482 | kl=0.4280
2026-04-03 20:47:20,717 | INFO | step=4500 | loss=0.2607 | ce=0.0478 | kl=0.4258
2026-04-03 20:52:12,585 | INFO | step=4550 | loss=0.2616 | ce=0.0493 | kl=0.4247
2026-04-03 20:57:04,461 | INFO | step=4600 | loss=0.2612 | ce=0.0494 | kl=0.4234
2026-04-03 21:01:56,369 | INFO | step=4650 | loss=0.2606 | ce=0.0496 | kl=0.4221
2026-04-03 21:06:48,208 | INFO | step=4700 | loss=0.2604 | ce=0.0499 | kl=0.4212
2026-04-03 21:11:40,049 | INFO | step=4750 | loss=0.2588 | ce=0.0490 | kl=0.4197
2026-04-03 21:16:31,951 | INFO | step=4800 | loss=0.2579 | ce=0.0487 | kl=0.4185
2026-04-03 21:21:23,830 | INFO | step=4850 | loss=0.2569 | ce=0.0482 | kl=0.4174
2026-04-03 21:26:15,629 | INFO | step=4900 | loss=0.2566 | ce=0.0485 | kl=0.4162
2026-04-03 21:29:03,265 | INFO | [VAL] epoch=7 acc=0.9816
2026-04-03 21:29:04,321 | INFO | [TRAIN] epoch=8 using attack=pgd_1
2026-04-03 21:31:12,847 | INFO | step=4950 | loss=0.2462 | ce=0.0460 | kl=0.4005
2026-04-03 21:36:04,682 | INFO | step=5000 | loss=0.2511 | ce=0.0519 | kl=0.3983
2026-04-03 21:40:56,537 | INFO | step=5050 | loss=0.2430 | ce=0.0442 | kl=0.3975
2026-04-03 21:45:48,383 | INFO | step=5100 | loss=0.2461 | ce=0.0477 | kl=0.3969
2026-04-03 21:50:40,166 | INFO | step=5150 | loss=0.2453 | ce=0.0471 | kl=0.3963
2026-04-03 21:55:31,960 | INFO | step=5200 | loss=0.2460 | ce=0.0484 | kl=0.3951
2026-04-03 22:00:23,750 | INFO | step=5250 | loss=0.2472 | ce=0.0501 | kl=0.3943
2026-04-03 22:05:15,569 | INFO | step=5300 | loss=0.2464 | ce=0.0497 | kl=0.3935
2026-04-03 22:10:07,330 | INFO | step=5350 | loss=0.2453 | ce=0.0492 | kl=0.3922
2026-04-03 22:14:59,083 | INFO | step=5400 | loss=0.2447 | ce=0.0492 | kl=0.3910
2026-04-03 22:19:50,818 | INFO | step=5450 | loss=0.2438 | ce=0.0487 | kl=0.3902
2026-04-03 22:24:42,520 | INFO | step=5500 | loss=0.2440 | ce=0.0493 | kl=0.3894
2026-04-03 22:29:34,217 | INFO | step=5550 | loss=0.2437 | ce=0.0494 | kl=0.3886
2026-04-03 22:34:25,952 | INFO | step=5600 | loss=0.2430 | ce=0.0491 | kl=0.3878
2026-04-03 22:37:36,923 | INFO | [VAL] epoch=8 acc=0.9783
2026-04-03 22:37:37,964 | INFO | [TRAIN] epoch=9 using attack=pgd_1
2026-04-03 22:39:23,102 | INFO | step=5650 | loss=0.2356 | ce=0.0493 | kl=0.3725
2026-04-03 22:44:14,844 | INFO | step=5700 | loss=0.2378 | ce=0.0509 | kl=0.3738
2026-04-03 22:49:06,605 | INFO | step=5750 | loss=0.2367 | ce=0.0505 | kl=0.3725
2026-04-03 22:53:58,382 | INFO | step=5800 | loss=0.2348 | ce=0.0486 | kl=0.3724
2026-04-03 22:58:50,178 | INFO | step=5850 | loss=0.2375 | ce=0.0513 | kl=0.3723
2026-04-03 23:03:41,995 | INFO | step=5900 | loss=0.2370 | ce=0.0512 | kl=0.3715
2026-04-03 23:08:33,856 | INFO | step=5950 | loss=0.2376 | ce=0.0522 | kl=0.3707
2026-04-03 23:13:25,611 | INFO | step=6000 | loss=0.2368 | ce=0.0518 | kl=0.3700
2026-04-03 23:18:17,434 | INFO | step=6050 | loss=0.2376 | ce=0.0528 | kl=0.3696
2026-04-03 23:23:09,239 | INFO | step=6100 | loss=0.2380 | ce=0.0534 | kl=0.3693
2026-04-03 23:28:01,084 | INFO | step=6150 | loss=0.2363 | ce=0.0519 | kl=0.3688
2026-04-03 23:32:52,835 | INFO | step=6200 | loss=0.2354 | ce=0.0513 | kl=0.3684
2026-04-03 23:37:44,696 | INFO | step=6250 | loss=0.2347 | ce=0.0509 | kl=0.3676
2026-04-03 23:42:36,542 | INFO | step=6300 | loss=0.2341 | ce=0.0506 | kl=0.3671
2026-04-03 23:46:10,928 | INFO | [VAL] epoch=9 acc=0.9783
2026-04-03 23:46:11,977 | INFO | [TRAIN] epoch=10 using attack=pgd_1
2026-04-03 23:47:33,834 | INFO | step=6350 | loss=0.2255 | ce=0.0467 | kl=0.3576
2026-04-03 23:52:25,735 | INFO | step=6400 | loss=0.2271 | ce=0.0478 | kl=0.3586
2026-04-03 23:57:17,659 | INFO | step=6450 | loss=0.2268 | ce=0.0485 | kl=0.3566
2026-04-04 00:02:09,585 | INFO | step=6500 | loss=0.2259 | ce=0.0481 | kl=0.3556
2026-04-04 00:07:01,522 | INFO | step=6550 | loss=0.2283 | ce=0.0505 | kl=0.3556
2026-04-04 00:11:53,477 | INFO | step=6600 | loss=0.2291 | ce=0.0514 | kl=0.3553
2026-04-04 00:16:45,407 | INFO | step=6650 | loss=0.2292 | ce=0.0519 | kl=0.3547
2026-04-04 00:21:37,336 | INFO | step=6700 | loss=0.2287 | ce=0.0517 | kl=0.3540
2026-04-04 00:26:29,320 | INFO | step=6750 | loss=0.2276 | ce=0.0508 | kl=0.3535
2026-04-04 00:31:21,303 | INFO | step=6800 | loss=0.2276 | ce=0.0509 | kl=0.3533
2026-04-04 00:36:13,287 | INFO | step=6850 | loss=0.2268 | ce=0.0503 | kl=0.3530
2026-04-04 00:41:05,265 | INFO | step=6900 | loss=0.2262 | ce=0.0499 | kl=0.3525
2026-04-04 00:45:57,229 | INFO | step=6950 | loss=0.2253 | ce=0.0493 | kl=0.3521
2026-04-04 00:50:49,203 | INFO | step=7000 | loss=0.2257 | ce=0.0500 | kl=0.3513
2026-04-04 00:54:47,029 | INFO | [VAL] epoch=10 acc=0.9775
2026-04-04 00:54:48,062 | INFO | [TRAIN] epoch=11 using attack=pgd_1
2026-04-04 00:55:46,601 | INFO | step=7050 | loss=0.2264 | ce=0.0531 | kl=0.3465
2026-04-04 01:00:38,589 | INFO | step=7100 | loss=0.2203 | ce=0.0463 | kl=0.3480
2026-04-04 01:05:30,579 | INFO | step=7150 | loss=0.2180 | ce=0.0448 | kl=0.3464
2026-04-04 01:10:22,589 | INFO | step=7200 | loss=0.2175 | ce=0.0443 | kl=0.3464
2026-04-04 01:15:14,608 | INFO | step=7250 | loss=0.2195 | ce=0.0466 | kl=0.3457
2026-04-04 01:20:06,619 | INFO | step=7300 | loss=0.2206 | ce=0.0481 | kl=0.3450
2026-04-04 01:24:58,622 | INFO | step=7350 | loss=0.2233 | ce=0.0511 | kl=0.3444
2026-04-04 01:29:50,588 | INFO | step=7400 | loss=0.2223 | ce=0.0506 | kl=0.3434
2026-04-04 01:34:42,551 | INFO | step=7450 | loss=0.2229 | ce=0.0515 | kl=0.3428
2026-04-04 01:39:34,529 | INFO | step=7500 | loss=0.2216 | ce=0.0505 | kl=0.3423
2026-04-04 01:44:26,460 | INFO | step=7550 | loss=0.2217 | ce=0.0508 | kl=0.3418
2026-04-04 01:49:18,353 | INFO | step=7600 | loss=0.2215 | ce=0.0507 | kl=0.3415
2026-04-04 01:54:10,242 | INFO | step=7650 | loss=0.2207 | ce=0.0502 | kl=0.3409
2026-04-04 01:59:02,091 | INFO | step=7700 | loss=0.2205 | ce=0.0502 | kl=0.3406
2026-04-04 02:03:23,172 | INFO | [VAL] epoch=11 acc=0.9767
2026-04-04 02:03:24,218 | INFO | [TRAIN] epoch=12 using attack=pgd_1
2026-04-04 02:03:59,363 | INFO | step=7750 | loss=0.2226 | ce=0.0551 | kl=0.3351
2026-04-04 02:08:51,109 | INFO | step=7800 | loss=0.2111 | ce=0.0430 | kl=0.3362
2026-04-04 02:13:42,914 | INFO | step=7850 | loss=0.2135 | ce=0.0461 | kl=0.3347
2026-04-04 02:18:34,832 | INFO | step=7900 | loss=0.2168 | ce=0.0493 | kl=0.3350
2026-04-04 02:23:26,688 | INFO | step=7950 | loss=0.2171 | ce=0.0502 | kl=0.3339
2026-04-04 02:28:18,582 | INFO | step=8000 | loss=0.2172 | ce=0.0505 | kl=0.3334
2026-04-04 02:33:10,480 | INFO | step=8050 | loss=0.2173 | ce=0.0506 | kl=0.3334
2026-04-04 02:38:02,365 | INFO | step=8100 | loss=0.2171 | ce=0.0505 | kl=0.3331
2026-04-04 02:42:54,209 | INFO | step=8150 | loss=0.2176 | ce=0.0512 | kl=0.3328
2026-04-04 02:47:46,101 | INFO | step=8200 | loss=0.2166 | ce=0.0503 | kl=0.3325
2026-04-04 02:52:37,969 | INFO | step=8250 | loss=0.2168 | ce=0.0507 | kl=0.3321
2026-04-04 02:57:29,832 | INFO | step=8300 | loss=0.2167 | ce=0.0509 | kl=0.3316
2026-04-04 03:02:21,675 | INFO | step=8350 | loss=0.2167 | ce=0.0510 | kl=0.3314
2026-04-04 03:07:13,598 | INFO | step=8400 | loss=0.2162 | ce=0.0505 | kl=0.3314
2026-04-04 03:11:58,052 | INFO | [VAL] epoch=12 acc=0.9800
2026-04-04 03:11:59,159 | INFO | [TRAIN] epoch=13 using attack=pgd_1
2026-04-04 03:12:10,960 | INFO | step=8450 | loss=0.2337 | ce=0.0694 | kl=0.3287
2026-04-04 03:17:02,805 | INFO | step=8500 | loss=0.2094 | ce=0.0467 | kl=0.3255
2026-04-04 03:21:54,677 | INFO | step=8550 | loss=0.2111 | ce=0.0479 | kl=0.3265
2026-04-04 03:26:46,566 | INFO | step=8600 | loss=0.2106 | ce=0.0470 | kl=0.3271
2026-04-04 03:31:38,453 | INFO | step=8650 | loss=0.2113 | ce=0.0480 | kl=0.3266
2026-04-04 03:36:30,343 | INFO | step=8700 | loss=0.2117 | ce=0.0487 | kl=0.3259
2026-04-04 03:41:22,259 | INFO | step=8750 | loss=0.2115 | ce=0.0488 | kl=0.3254
2026-04-04 03:46:14,160 | INFO | step=8800 | loss=0.2155 | ce=0.0530 | kl=0.3250
2026-04-04 03:51:06,060 | INFO | step=8850 | loss=0.2135 | ce=0.0511 | kl=0.3248
2026-04-04 03:55:57,970 | INFO | step=8900 | loss=0.2128 | ce=0.0505 | kl=0.3245
2026-04-04 04:00:49,876 | INFO | step=8950 | loss=0.2128 | ce=0.0506 | kl=0.3245
2026-04-04 04:05:41,806 | INFO | step=9000 | loss=0.2131 | ce=0.0509 | kl=0.3243
2026-04-04 04:10:33,734 | INFO | step=9050 | loss=0.2123 | ce=0.0502 | kl=0.3241
2026-04-04 04:15:25,659 | INFO | step=9100 | loss=0.2121 | ce=0.0501 | kl=0.3240
2026-04-04 04:20:17,574 | INFO | step=9150 | loss=0.2122 | ce=0.0504 | kl=0.3236
2026-04-04 04:20:33,443 | INFO | [VAL] epoch=13 acc=0.9727
2026-04-04 04:20:34,468 | INFO | [TRAIN] epoch=14 using attack=pgd_2
2026-04-04 04:25:14,835 | INFO | step=9200 | loss=0.2468 | ce=0.0414 | kl=0.4108
2026-04-04 04:30:06,687 | INFO | step=9250 | loss=0.2549 | ce=0.0493 | kl=0.4113
2026-04-04 04:34:58,560 | INFO | step=9300 | loss=0.2527 | ce=0.0472 | kl=0.4110
2026-04-04 04:39:50,480 | INFO | step=9350 | loss=0.2522 | ce=0.0475 | kl=0.4095
2026-04-04 04:44:42,401 | INFO | step=9400 | loss=0.2527 | ce=0.0480 | kl=0.4094
2026-04-04 04:49:34,313 | INFO | step=9450 | loss=0.2532 | ce=0.0488 | kl=0.4089
2026-04-04 04:54:26,229 | INFO | step=9500 | loss=0.2540 | ce=0.0499 | kl=0.4083
2026-04-04 04:59:18,151 | INFO | step=9550 | loss=0.2529 | ce=0.0490 | kl=0.4078
2026-04-04 05:04:10,104 | INFO | step=9600 | loss=0.2533 | ce=0.0497 | kl=0.4072
2026-04-04 05:09:01,984 | INFO | step=9650 | loss=0.2528 | ce=0.0496 | kl=0.4065
2026-04-04 05:13:53,803 | INFO | step=9700 | loss=0.2530 | ce=0.0499 | kl=0.4062
2026-04-04 05:18:45,654 | INFO | step=9750 | loss=0.2527 | ce=0.0499 | kl=0.4057
2026-04-04 05:23:37,530 | INFO | step=9800 | loss=0.2526 | ce=0.0499 | kl=0.4053
2026-04-04 05:28:29,398 | INFO | step=9850 | loss=0.2533 | ce=0.0510 | kl=0.4046
2026-04-04 05:29:08,672 | INFO | [VAL] epoch=14 acc=0.9743
2026-04-04 05:29:09,779 | INFO | [TRAIN] epoch=15 using attack=pgd_2
2026-04-04 05:33:26,793 | INFO | step=9900 | loss=0.2494 | ce=0.0498 | kl=0.3991
2026-04-04 05:38:18,667 | INFO | step=9950 | loss=0.2489 | ce=0.0505 | kl=0.3969
2026-04-04 05:43:10,582 | INFO | step=10000 | loss=0.2499 | ce=0.0515 | kl=0.3970
2026-04-04 05:48:02,454 | INFO | step=10050 | loss=0.2517 | ce=0.0533 | kl=0.3968
2026-04-04 05:52:54,359 | INFO | step=10100 | loss=0.2499 | ce=0.0514 | kl=0.3969
2026-04-04 05:57:46,254 | INFO | step=10150 | loss=0.2506 | ce=0.0522 | kl=0.3969
2026-04-04 06:02:38,155 | INFO | step=10200 | loss=0.2504 | ce=0.0522 | kl=0.3963
2026-04-04 06:07:30,067 | INFO | step=10250 | loss=0.2514 | ce=0.0535 | kl=0.3958
2026-04-04 06:12:21,912 | INFO | step=10300 | loss=0.2514 | ce=0.0537 | kl=0.3956
2026-04-04 06:17:13,766 | INFO | step=10350 | loss=0.2509 | ce=0.0534 | kl=0.3952
2026-04-04 06:22:05,622 | INFO | step=10400 | loss=0.2498 | ce=0.0524 | kl=0.3948
2026-04-04 06:26:57,513 | INFO | step=10450 | loss=0.2492 | ce=0.0519 | kl=0.3946
2026-04-04 06:31:49,358 | INFO | step=10500 | loss=0.2486 | ce=0.0515 | kl=0.3942
2026-04-04 06:36:41,207 | INFO | step=10550 | loss=0.2485 | ce=0.0515 | kl=0.3940
2026-04-04 06:37:43,803 | INFO | [VAL] epoch=15 acc=0.9735
2026-04-04 06:37:44,842 | INFO | [TRAIN] epoch=16 using attack=pgd_2
2026-04-04 06:41:38,461 | INFO | step=10600 | loss=0.2328 | ce=0.0381 | kl=0.3893
2026-04-04 06:46:30,221 | INFO | step=10650 | loss=0.2413 | ce=0.0462 | kl=0.3901
2026-04-04 06:51:21,987 | INFO | step=10700 | loss=0.2433 | ce=0.0488 | kl=0.3889
2026-04-04 06:56:13,776 | INFO | step=10750 | loss=0.2450 | ce=0.0507 | kl=0.3885
2026-04-04 07:01:05,596 | INFO | step=10800 | loss=0.2448 | ce=0.0505 | kl=0.3886
2026-04-04 07:05:57,439 | INFO | step=10850 | loss=0.2434 | ce=0.0493 | kl=0.3883
2026-04-04 07:10:49,266 | INFO | step=10900 | loss=0.2437 | ce=0.0495 | kl=0.3884
2026-04-04 07:15:41,117 | INFO | step=10950 | loss=0.2449 | ce=0.0508 | kl=0.3883
2026-04-04 07:20:32,978 | INFO | step=11000 | loss=0.2457 | ce=0.0517 | kl=0.3881
2026-04-04 07:25:24,812 | INFO | step=11050 | loss=0.2456 | ce=0.0518 | kl=0.3877
2026-04-04 07:30:16,617 | INFO | step=11100 | loss=0.2462 | ce=0.0524 | kl=0.3876
2026-04-04 07:35:08,417 | INFO | step=11150 | loss=0.2459 | ce=0.0522 | kl=0.3873
2026-04-04 07:40:00,214 | INFO | step=11200 | loss=0.2458 | ce=0.0523 | kl=0.3870
2026-04-04 07:44:52,027 | INFO | step=11250 | loss=0.2453 | ce=0.0520 | kl=0.3866
2026-04-04 07:46:17,960 | INFO | [VAL] epoch=16 acc=0.9735
2026-04-04 07:46:19,063 | INFO | [TRAIN] epoch=17 using attack=pgd_2
2026-04-04 07:49:49,263 | INFO | step=11300 | loss=0.2409 | ce=0.0488 | kl=0.3842
2026-04-04 07:54:41,067 | INFO | step=11350 | loss=0.2378 | ce=0.0461 | kl=0.3834
2026-04-04 07:59:32,858 | INFO | step=11400 | loss=0.2432 | ce=0.0516 | kl=0.3833
2026-04-04 08:04:24,645 | INFO | step=11450 | loss=0.2413 | ce=0.0501 | kl=0.3825
2026-04-04 08:09:16,377 | INFO | step=11500 | loss=0.2415 | ce=0.0503 | kl=0.3823
2026-04-04 08:14:08,041 | INFO | step=11550 | loss=0.2392 | ce=0.0483 | kl=0.3817
2026-04-04 08:18:59,473 | INFO | step=11600 | loss=0.2397 | ce=0.0492 | kl=0.3809
2026-04-04 08:23:50,852 | INFO | step=11650 | loss=0.2398 | ce=0.0495 | kl=0.3806
2026-04-04 08:28:42,182 | INFO | step=11700 | loss=0.2407 | ce=0.0505 | kl=0.3805
2026-04-04 08:33:33,531 | INFO | step=11750 | loss=0.2413 | ce=0.0512 | kl=0.3802
2026-04-04 08:38:24,914 | INFO | step=11800 | loss=0.2412 | ce=0.0511 | kl=0.3802
2026-04-04 08:43:16,313 | INFO | step=11850 | loss=0.2417 | ce=0.0517 | kl=0.3800
2026-04-04 08:48:07,697 | INFO | step=11900 | loss=0.2414 | ce=0.0515 | kl=0.3798
2026-04-04 08:52:59,073 | INFO | step=11950 | loss=0.2412 | ce=0.0514 | kl=0.3796
2026-04-04 08:54:48,231 | INFO | [VAL] epoch=17 acc=0.9711
2026-04-04 08:54:49,266 | INFO | [TRAIN] epoch=18 using attack=pgd_2
2026-04-04 08:57:55,863 | INFO | step=12000 | loss=0.2400 | ce=0.0517 | kl=0.3768
2026-04-04 09:02:47,227 | INFO | step=12050 | loss=0.2396 | ce=0.0515 | kl=0.3763
2026-04-04 09:07:38,607 | INFO | step=12100 | loss=0.2390 | ce=0.0506 | kl=0.3768
2026-04-04 09:12:29,985 | INFO | step=12150 | loss=0.2374 | ce=0.0494 | kl=0.3761
2026-04-04 09:17:21,389 | INFO | step=12200 | loss=0.2382 | ce=0.0503 | kl=0.3759
2026-04-04 09:22:12,781 | INFO | step=12250 | loss=0.2387 | ce=0.0508 | kl=0.3757
2026-04-04 09:27:04,150 | INFO | step=12300 | loss=0.2386 | ce=0.0508 | kl=0.3756
2026-04-04 09:31:55,493 | INFO | step=12350 | loss=0.2385 | ce=0.0509 | kl=0.3751
2026-04-04 09:36:46,832 | INFO | step=12400 | loss=0.2390 | ce=0.0515 | kl=0.3749
2026-04-04 09:41:38,215 | INFO | step=12450 | loss=0.2386 | ce=0.0513 | kl=0.3747
2026-04-04 09:46:29,658 | INFO | step=12500 | loss=0.2383 | ce=0.0511 | kl=0.3745
2026-04-04 09:51:21,053 | INFO | step=12550 | loss=0.2384 | ce=0.0512 | kl=0.3745
2026-04-04 09:56:12,497 | INFO | step=12600 | loss=0.2385 | ce=0.0513 | kl=0.3744
2026-04-04 10:01:03,950 | INFO | step=12650 | loss=0.2385 | ce=0.0514 | kl=0.3741
2026-04-04 10:03:16,410 | INFO | [VAL] epoch=18 acc=0.9743
2026-04-04 10:03:17,438 | INFO | [TRAIN] epoch=19 using attack=pgd_2
2026-04-04 10:06:00,736 | INFO | step=12700 | loss=0.2394 | ce=0.0527 | kl=0.3734
2026-04-04 10:10:52,186 | INFO | step=12750 | loss=0.2335 | ce=0.0480 | kl=0.3709
2026-04-04 10:15:43,599 | INFO | step=12800 | loss=0.2367 | ce=0.0516 | kl=0.3702
2026-04-04 10:20:34,977 | INFO | step=12850 | loss=0.2362 | ce=0.0513 | kl=0.3698
2026-04-04 10:25:26,430 | INFO | step=12900 | loss=0.2356 | ce=0.0507 | kl=0.3697
2026-04-04 10:30:17,789 | INFO | step=12950 | loss=0.2360 | ce=0.0512 | kl=0.3696
2026-04-04 10:35:09,190 | INFO | step=13000 | loss=0.2357 | ce=0.0507 | kl=0.3699
2026-04-04 10:40:00,582 | INFO | step=13050 | loss=0.2348 | ce=0.0498 | kl=0.3700
2026-04-04 10:44:51,990 | INFO | step=13100 | loss=0.2363 | ce=0.0514 | kl=0.3698
2026-04-04 10:49:43,403 | INFO | step=13150 | loss=0.2358 | ce=0.0508 | kl=0.3699
2026-04-04 10:54:34,849 | INFO | step=13200 | loss=0.2356 | ce=0.0507 | kl=0.3699
2026-04-04 10:59:26,325 | INFO | step=13250 | loss=0.2359 | ce=0.0511 | kl=0.3697
2026-04-04 11:04:17,781 | INFO | step=13300 | loss=0.2358 | ce=0.0511 | kl=0.3695
2026-04-04 11:09:09,272 | INFO | step=13350 | loss=0.2356 | ce=0.0510 | kl=0.3693
2026-04-04 11:11:45,110 | INFO | [VAL] epoch=19 acc=0.9743
2026-04-04 11:11:46,147 | INFO | [TRAIN] epoch=20 using attack=pgd_2
2026-04-04 11:14:06,178 | INFO | step=13400 | loss=0.2270 | ce=0.0439 | kl=0.3662
2026-04-04 11:18:57,636 | INFO | step=13450 | loss=0.2277 | ce=0.0442 | kl=0.3670
2026-04-04 11:23:49,129 | INFO | step=13500 | loss=0.2308 | ce=0.0472 | kl=0.3670
2026-04-04 11:28:40,609 | INFO | step=13550 | loss=0.2317 | ce=0.0480 | kl=0.3675
2026-04-04 11:33:32,165 | INFO | step=13600 | loss=0.2326 | ce=0.0487 | kl=0.3678
2026-04-04 11:38:23,674 | INFO | step=13650 | loss=0.2330 | ce=0.0493 | kl=0.3674
2026-04-04 11:43:15,302 | INFO | step=13700 | loss=0.2328 | ce=0.0492 | kl=0.3673
2026-04-04 11:48:06,849 | INFO | step=13750 | loss=0.2332 | ce=0.0495 | kl=0.3674
2026-04-04 11:52:58,348 | INFO | step=13800 | loss=0.2344 | ce=0.0507 | kl=0.3674
2026-04-04 11:57:49,842 | INFO | step=13850 | loss=0.2335 | ce=0.0498 | kl=0.3674
2026-04-04 12:02:41,247 | INFO | step=13900 | loss=0.2338 | ce=0.0501 | kl=0.3674
2026-04-04 12:07:32,722 | INFO | step=13950 | loss=0.2341 | ce=0.0506 | kl=0.3670
2026-04-04 12:12:24,132 | INFO | step=14000 | loss=0.2334 | ce=0.0500 | kl=0.3669
2026-04-04 12:17:15,552 | INFO | step=14050 | loss=0.2342 | ce=0.0509 | kl=0.3667
2026-04-04 12:20:14,651 | INFO | [VAL] epoch=20 acc=0.9727
2026-04-04 13:08:24,212 | INFO | Done.
