2026-04-09 17:27:02,584 | INFO | Run dir: outputs/2026-04-09_17-27-02_asts_deit_base_cifar10__ce_adv_only
2026-04-09 17:27:03,845 | INFO | Train samples: 45000, Val samples: 5000, Test samples: 10000
2026-04-09 17:27:05,877 | INFO | Trainable tensors: 14
2026-04-09 17:27:05,878 | INFO | Trainable scalars: 7834
2026-04-09 17:27:05,878 | INFO | Train attack schedule (in order): pgd_0@4, pgd_1@5, pgd_2@6, cw_0@5
2026-04-09 17:27:05,878 | INFO | Eval attacks (in order): pgd_3, pgd_4, cw_1, autoattack_0
2026-04-09 17:27:05,879 | INFO | Device: cuda:0
2026-04-09 17:27:05,879 | INFO | Injected attention modules: 12
2026-04-09 17:27:05,879 | INFO | Mixed precision (AMP) enabled with GradScaler
2026-04-09 17:27:05,879 | INFO | Per-epoch train attacks: e1:pgd_0, e2:pgd_0, e3:pgd_0, e4:pgd_0, e5:pgd_1, e6:pgd_1, e7:pgd_1, e8:pgd_1, e9:pgd_1, e10:pgd_2, e11:pgd_2, e12:pgd_2, e13:pgd_2, e14:pgd_2, e15:pgd_2, e16:cw_0, e17:cw_0, e18:cw_0, e19:cw_0, e20:cw_0
2026-04-09 17:27:44,138 | INFO | Evaluating baseline model on attack #1/4 started..
2026-04-09 17:55:15,039 | INFO | Evaluating baseline model on attack #2/4 started..
2026-04-09 20:10:03,898 | INFO | Evaluating baseline model on attack #3/4 started..
2026-04-09 20:18:52,736 | INFO | Evaluating baseline model on attack #4/4 started..
2026-04-09 20:35:30,704 | INFO | [BASELINE] wrote metrics/test_metrics_baseline.csv
2026-04-09 20:35:30,705 | INFO | [TRAIN] epoch=1 using attack=pgd_0
2026-04-09 20:39:06,636 | INFO | step=50 | loss=33.1494 | ce=2.8202 | attn=0.2290 | trades=30.2147
2026-04-09 20:42:42,228 | INFO | step=100 | loss=20.6827 | ce=2.3919 | attn=0.2297 | trades=18.1759
2026-04-09 20:46:17,856 | INFO | step=150 | loss=14.7447 | ce=2.2636 | attn=0.2288 | trades=12.3667
2026-04-09 20:49:53,492 | INFO | step=200 | loss=11.7500 | ce=2.1976 | attn=0.2277 | trades=9.4385
2026-04-09 20:53:29,142 | INFO | step=250 | loss=9.9459 | ce=2.1575 | attn=0.2261 | trades=7.6754
2026-04-09 20:57:04,774 | INFO | step=300 | loss=8.7412 | ce=2.1303 | attn=0.2247 | trades=6.4986
2026-04-09 21:00:40,366 | INFO | step=350 | loss=7.8822 | ce=2.1098 | attn=0.2233 | trades=5.6607
2026-04-09 21:04:15,974 | INFO | step=400 | loss=7.2375 | ce=2.0935 | attn=0.2219 | trades=5.0331
2026-04-09 21:07:51,532 | INFO | step=450 | loss=6.7375 | ce=2.0807 | attn=0.2206 | trades=4.5466
2026-04-09 21:11:27,105 | INFO | step=500 | loss=6.3397 | ce=2.0697 | attn=0.2193 | trades=4.1603
2026-04-09 21:15:02,678 | INFO | step=550 | loss=6.0157 | ce=2.0609 | attn=0.2181 | trades=3.8458
2026-04-09 21:18:38,242 | INFO | step=600 | loss=5.7458 | ce=2.0533 | attn=0.2169 | trades=3.5840
2026-04-09 21:22:13,825 | INFO | step=650 | loss=5.5179 | ce=2.0465 | attn=0.2158 | trades=3.3635
2026-04-09 21:25:49,394 | INFO | step=700 | loss=5.3247 | ce=2.0396 | attn=0.2145 | trades=3.1778
2026-04-09 21:26:05,897 | INFO | [TEMPS] epoch=1 mean=1.1589 std=0.1622 min=0.7313 max=1.3841
2026-04-09 21:26:25,200 | INFO | [VAL] epoch=1 acc=0.9738
2026-04-09 21:26:25,732 | INFO | [TRAIN] epoch=2 using attack=pgd_0
2026-04-09 21:29:43,850 | INFO | step=750 | loss=2.8184 | ce=1.9578 | attn=0.1969 | trades=0.7622
2026-04-09 21:33:19,066 | INFO | step=800 | loss=2.8162 | ce=1.9540 | attn=0.1958 | trades=0.7643
2026-04-09 21:36:54,307 | INFO | step=850 | loss=2.8254 | ce=1.9510 | attn=0.1947 | trades=0.7770
2026-04-09 21:40:29,554 | INFO | step=900 | loss=2.8352 | ce=1.9488 | attn=0.1935 | trades=0.7896
2026-04-09 21:44:04,789 | INFO | step=950 | loss=2.8407 | ce=1.9466 | attn=0.1923 | trades=0.7980
2026-04-09 21:47:40,032 | INFO | step=1000 | loss=2.8504 | ce=1.9447 | attn=0.1912 | trades=0.8101
2026-04-09 21:51:15,240 | INFO | step=1050 | loss=2.8584 | ce=1.9416 | attn=0.1902 | trades=0.8217
2026-04-09 21:54:50,477 | INFO | step=1100 | loss=2.8633 | ce=1.9402 | attn=0.1892 | trades=0.8285
2026-04-09 21:58:25,656 | INFO | step=1150 | loss=2.8731 | ce=1.9372 | attn=0.1883 | trades=0.8418
2026-04-09 22:02:00,834 | INFO | step=1200 | loss=2.8804 | ce=1.9355 | attn=0.1873 | trades=0.8512
2026-04-09 22:05:36,009 | INFO | step=1250 | loss=2.8861 | ce=1.9340 | attn=0.1862 | trades=0.8590
2026-04-09 22:09:11,211 | INFO | step=1300 | loss=2.8947 | ce=1.9322 | attn=0.1851 | trades=0.8700
2026-04-09 22:12:46,346 | INFO | step=1350 | loss=2.9007 | ce=1.9304 | attn=0.1841 | trades=0.8782
2026-04-09 22:16:21,503 | INFO | step=1400 | loss=2.9072 | ce=1.9290 | attn=0.1831 | trades=0.8867
2026-04-09 22:16:55,187 | INFO | [TEMPS] epoch=2 mean=1.3772 std=0.3530 min=0.5667 max=1.9957
2026-04-09 22:17:14,386 | INFO | [VAL] epoch=2 acc=0.9594
2026-04-09 22:17:15,399 | INFO | [TRAIN] epoch=3 using attack=pgd_0
2026-04-09 22:20:16,273 | INFO | step=1450 | loss=3.0068 | ce=1.9116 | attn=0.1680 | trades=1.0112
2026-04-09 22:23:51,440 | INFO | step=1500 | loss=3.0162 | ce=1.9052 | attn=0.1676 | trades=1.0272
2026-04-09 22:27:26,578 | INFO | step=1550 | loss=3.0231 | ce=1.9040 | attn=0.1670 | trades=1.0357
2026-04-09 22:31:01,732 | INFO | step=1600 | loss=3.0296 | ce=1.9023 | attn=0.1664 | trades=1.0441
2026-04-09 22:34:36,896 | INFO | step=1650 | loss=3.0391 | ce=1.9016 | attn=0.1656 | trades=1.0547
2026-04-09 22:38:12,040 | INFO | step=1700 | loss=3.0453 | ce=1.9004 | attn=0.1647 | trades=1.0625
2026-04-09 22:41:47,178 | INFO | step=1750 | loss=3.0520 | ce=1.8989 | attn=0.1639 | trades=1.0711
2026-04-09 22:45:22,306 | INFO | step=1800 | loss=3.0593 | ce=1.8973 | attn=0.1630 | trades=1.0805
2026-04-09 22:48:57,489 | INFO | step=1850 | loss=3.0689 | ce=1.8961 | attn=0.1624 | trades=1.0916
2026-04-09 22:52:32,662 | INFO | step=1900 | loss=3.0751 | ce=1.8953 | attn=0.1616 | trades=1.0991
2026-04-09 22:56:07,858 | INFO | step=1950 | loss=3.0812 | ce=1.8942 | attn=0.1609 | trades=1.1065
2026-04-09 22:59:43,028 | INFO | step=2000 | loss=3.0881 | ce=1.8926 | attn=0.1603 | trades=1.1153
2026-04-09 23:03:18,240 | INFO | step=2050 | loss=3.0953 | ce=1.8916 | attn=0.1597 | trades=1.1238
2026-04-09 23:06:53,437 | INFO | step=2100 | loss=3.1015 | ce=1.8907 | attn=0.1591 | trades=1.1313
2026-04-09 23:07:44,360 | INFO | [TEMPS] epoch=3 mean=1.6100 std=0.5583 min=0.4538 max=2.7596
2026-04-09 23:08:03,544 | INFO | [VAL] epoch=3 acc=0.9348
2026-04-09 23:08:04,570 | INFO | [TRAIN] epoch=4 using attack=pgd_0
2026-04-09 23:10:48,249 | INFO | step=2150 | loss=3.1973 | ce=1.8771 | attn=0.1491 | trades=1.2457
2026-04-09 23:14:23,478 | INFO | step=2200 | loss=3.1890 | ce=1.8751 | attn=0.1492 | trades=1.2392
2026-04-09 23:17:58,688 | INFO | step=2250 | loss=3.2035 | ce=1.8721 | attn=0.1486 | trades=1.2572
2026-04-09 23:21:33,883 | INFO | step=2300 | loss=3.2059 | ce=1.8733 | attn=0.1481 | trades=1.2586
2026-04-09 23:25:09,063 | INFO | step=2350 | loss=3.2233 | ce=1.8706 | attn=0.1475 | trades=1.2790
2026-04-09 23:28:44,211 | INFO | step=2400 | loss=3.2293 | ce=1.8707 | attn=0.1469 | trades=1.2852
2026-04-09 23:32:19,886 | INFO | step=2450 | loss=3.2321 | ce=1.8692 | attn=0.1464 | trades=1.2897
2026-04-09 23:38:31,618 | INFO | step=2500 | loss=3.2367 | ce=1.8690 | attn=0.1458 | trades=1.2948
2026-04-09 23:44:38,143 | INFO | step=2550 | loss=3.2449 | ce=1.8686 | attn=0.1453 | trades=1.3036
2026-04-09 23:50:58,182 | INFO | step=2600 | loss=3.2505 | ce=1.8671 | attn=0.1449 | trades=1.3110
2026-04-09 23:56:55,471 | INFO | step=2650 | loss=3.2538 | ce=1.8669 | attn=0.1445 | trades=1.3147
2026-04-10 00:02:52,433 | INFO | step=2700 | loss=3.2595 | ce=1.8664 | attn=0.1440 | trades=1.3211
2026-04-10 00:08:38,908 | INFO | step=2750 | loss=3.2637 | ce=1.8651 | attn=0.1435 | trades=1.3268
2026-04-10 00:14:17,480 | INFO | step=2800 | loss=3.2718 | ce=1.8646 | attn=0.1431 | trades=1.3357
2026-04-10 00:15:25,603 | INFO | [TEMPS] epoch=4 mean=1.8249 std=0.7705 min=0.3791 max=3.7875
2026-04-10 00:15:44,761 | INFO | [VAL] epoch=4 acc=0.9190
2026-04-10 00:15:45,772 | INFO | [TRAIN] epoch=5 using attack=pgd_1
2026-04-10 00:19:04,678 | INFO | step=2850 | loss=3.4674 | ce=1.9369 | attn=0.1436 | trades=1.4587
2026-04-10 00:23:57,083 | INFO | step=2900 | loss=3.3141 | ce=1.9484 | attn=0.1429 | trades=1.2943
2026-04-10 00:28:49,450 | INFO | step=2950 | loss=3.2401 | ce=1.9555 | attn=0.1423 | trades=1.2134
2026-04-10 00:33:41,838 | INFO | step=3000 | loss=3.1788 | ce=1.9612 | attn=0.1418 | trades=1.1467
2026-04-10 00:38:34,246 | INFO | step=3050 | loss=3.1339 | ce=1.9661 | attn=0.1411 | trades=1.0972
2026-04-10 00:44:31,679 | INFO | step=3100 | loss=3.1027 | ce=1.9690 | attn=0.1406 | trades=1.0634
2026-04-10 00:52:48,478 | INFO | step=3150 | loss=3.0766 | ce=1.9704 | attn=0.1401 | trades=1.0362
2026-04-10 01:01:09,936 | INFO | step=3200 | loss=3.0553 | ce=1.9732 | attn=0.1398 | trades=1.0122
2026-04-10 01:08:01,411 | INFO | step=3250 | loss=3.0367 | ce=1.9751 | attn=0.1394 | trades=0.9919
2026-04-10 01:15:30,789 | INFO | step=3300 | loss=3.0198 | ce=1.9765 | attn=0.1389 | trades=0.9738
2026-04-10 01:23:52,007 | INFO | step=3350 | loss=3.0056 | ce=1.9776 | attn=0.1385 | trades=0.9588
2026-04-10 01:32:28,497 | INFO | step=3400 | loss=2.9936 | ce=1.9789 | attn=0.1381 | trades=0.9457
2026-04-10 01:40:18,673 | INFO | step=3450 | loss=2.9830 | ce=1.9797 | attn=0.1377 | trades=0.9345
2026-04-10 01:48:14,105 | INFO | step=3500 | loss=2.9719 | ce=1.9808 | attn=0.1373 | trades=0.9225
2026-04-10 01:51:11,384 | INFO | [TEMPS] epoch=5 mean=1.9782 std=0.9278 min=0.3717 max=4.7409
2026-04-10 01:51:30,585 | INFO | [VAL] epoch=5 acc=0.9110
2026-04-10 01:51:31,629 | INFO | [TRAIN] epoch=6 using attack=pgd_1
2026-04-10 01:54:27,259 | INFO | step=3550 | loss=2.8611 | ce=1.9801 | attn=0.1305 | trades=0.8158
2026-04-10 01:59:19,990 | INFO | step=3600 | loss=2.8480 | ce=1.9903 | attn=0.1311 | trades=0.7921
2026-04-10 02:04:12,757 | INFO | step=3650 | loss=2.8426 | ce=1.9904 | attn=0.1310 | trades=0.7866
2026-04-10 02:09:05,484 | INFO | step=3700 | loss=2.8405 | ce=1.9899 | attn=0.1306 | trades=0.7853
2026-04-10 02:13:58,267 | INFO | step=3750 | loss=2.8403 | ce=1.9916 | attn=0.1303 | trades=0.7836
2026-04-10 02:18:51,038 | INFO | step=3800 | loss=2.8377 | ce=1.9928 | attn=0.1301 | trades=0.7799
2026-04-10 02:23:43,816 | INFO | step=3850 | loss=2.8352 | ce=1.9942 | attn=0.1298 | trades=0.7761
2026-04-10 02:28:36,565 | INFO | step=3900 | loss=2.8328 | ce=1.9941 | attn=0.1295 | trades=0.7739
2026-04-10 02:33:29,309 | INFO | step=3950 | loss=2.8322 | ce=1.9941 | attn=0.1292 | trades=0.7735
2026-04-10 02:38:22,057 | INFO | step=4000 | loss=2.8314 | ce=1.9942 | attn=0.1289 | trades=0.7727
2026-04-10 02:43:14,760 | INFO | step=4050 | loss=2.8300 | ce=1.9939 | attn=0.1287 | trades=0.7718
2026-04-10 02:48:07,501 | INFO | step=4100 | loss=2.8296 | ce=1.9943 | attn=0.1283 | trades=0.7711
2026-04-10 02:53:00,168 | INFO | step=4150 | loss=2.8285 | ce=1.9946 | attn=0.1280 | trades=0.7699
2026-04-10 02:57:52,795 | INFO | step=4200 | loss=2.8274 | ce=1.9944 | attn=0.1276 | trades=0.7692
2026-04-10 03:00:12,442 | INFO | [TEMPS] epoch=6 mean=2.1061 std=1.0784 min=0.3775 max=5.4202
2026-04-10 03:00:31,656 | INFO | [VAL] epoch=6 acc=0.8998
2026-04-10 03:00:32,722 | INFO | [TRAIN] epoch=7 using attack=pgd_1
2026-04-10 03:03:04,840 | INFO | step=4250 | loss=2.8293 | ce=2.0011 | attn=0.1228 | trades=0.7668
2026-04-10 03:07:57,054 | INFO | step=4300 | loss=2.8217 | ce=1.9940 | attn=0.1225 | trades=0.7665
2026-04-10 03:12:49,263 | INFO | step=4350 | loss=2.8191 | ce=1.9930 | attn=0.1228 | trades=0.7647
2026-04-10 03:17:41,508 | INFO | step=4400 | loss=2.8201 | ce=1.9924 | attn=0.1225 | trades=0.7665
2026-04-10 03:22:33,736 | INFO | step=4450 | loss=2.8249 | ce=1.9919 | attn=0.1220 | trades=0.7719
2026-04-10 03:27:25,970 | INFO | step=4500 | loss=2.8257 | ce=1.9913 | attn=0.1218 | trades=0.7735
2026-04-10 03:32:18,197 | INFO | step=4550 | loss=2.8251 | ce=1.9918 | attn=0.1216 | trades=0.7725
2026-04-10 03:37:10,444 | INFO | step=4600 | loss=2.8262 | ce=1.9924 | attn=0.1214 | trades=0.7731
2026-04-10 03:42:02,674 | INFO | step=4650 | loss=2.8249 | ce=1.9921 | attn=0.1212 | trades=0.7723
2026-04-10 03:46:54,900 | INFO | step=4700 | loss=2.8255 | ce=1.9919 | attn=0.1210 | trades=0.7731
2026-04-10 03:51:47,108 | INFO | step=4750 | loss=2.8249 | ce=1.9924 | attn=0.1208 | trades=0.7720
2026-04-10 03:56:39,349 | INFO | step=4800 | loss=2.8248 | ce=1.9923 | attn=0.1205 | trades=0.7722
2026-04-10 04:01:31,595 | INFO | step=4850 | loss=2.8252 | ce=1.9926 | attn=0.1203 | trades=0.7724
2026-04-10 04:06:23,748 | INFO | step=4900 | loss=2.8259 | ce=1.9924 | attn=0.1201 | trades=0.7734
2026-04-10 04:09:06,597 | INFO | [TEMPS] epoch=7 mean=2.2476 std=1.2570 min=0.3767 max=6.1062
2026-04-10 04:09:25,726 | INFO | [VAL] epoch=7 acc=0.9018
2026-04-10 04:09:26,746 | INFO | [TRAIN] epoch=8 using attack=pgd_1
2026-04-10 04:11:35,441 | INFO | step=4950 | loss=2.8103 | ce=1.9921 | attn=0.1171 | trades=0.7597
2026-04-10 04:16:27,635 | INFO | step=5000 | loss=2.8219 | ce=1.9923 | attn=0.1168 | trades=0.7712
2026-04-10 04:21:19,836 | INFO | step=5050 | loss=2.8278 | ce=1.9907 | attn=0.1163 | trades=0.7789
2026-04-10 04:26:12,067 | INFO | step=5100 | loss=2.8269 | ce=1.9900 | attn=0.1161 | trades=0.7788
2026-04-10 04:31:04,311 | INFO | step=5150 | loss=2.8241 | ce=1.9923 | attn=0.1159 | trades=0.7738
2026-04-10 04:35:56,531 | INFO | step=5200 | loss=2.8243 | ce=1.9909 | attn=0.1157 | trades=0.7756
2026-04-10 04:40:48,732 | INFO | step=5250 | loss=2.8251 | ce=1.9911 | attn=0.1155 | trades=0.7762
2026-04-10 04:45:40,927 | INFO | step=5300 | loss=2.8251 | ce=1.9911 | attn=0.1154 | trades=0.7762
2026-04-10 04:50:33,122 | INFO | step=5350 | loss=2.8259 | ce=1.9911 | attn=0.1153 | trades=0.7771
2026-04-10 04:55:25,284 | INFO | step=5400 | loss=2.8274 | ce=1.9914 | attn=0.1152 | trades=0.7785
2026-04-10 05:00:17,521 | INFO | step=5450 | loss=2.8286 | ce=1.9915 | attn=0.1150 | trades=0.7796
2026-04-10 05:05:09,757 | INFO | step=5500 | loss=2.8296 | ce=1.9914 | attn=0.1148 | trades=0.7808
2026-04-10 05:10:01,978 | INFO | step=5550 | loss=2.8297 | ce=1.9913 | attn=0.1146 | trades=0.7811
2026-04-10 05:14:54,177 | INFO | step=5600 | loss=2.8299 | ce=1.9911 | attn=0.1144 | trades=0.7816
2026-04-10 05:18:00,369 | INFO | [TEMPS] epoch=8 mean=2.3918 std=1.4556 min=0.3736 max=6.7347
2026-04-10 05:18:19,559 | INFO | [VAL] epoch=8 acc=0.8910
2026-04-10 05:18:20,576 | INFO | [TRAIN] epoch=9 using attack=pgd_1
2026-04-10 05:20:05,827 | INFO | step=5650 | loss=2.8232 | ce=1.9886 | attn=0.1112 | trades=0.7790
2026-04-10 05:24:57,998 | INFO | step=5700 | loss=2.8331 | ce=1.9875 | attn=0.1119 | trades=0.7896
2026-04-10 05:29:50,137 | INFO | step=5750 | loss=2.8376 | ce=1.9890 | attn=0.1115 | trades=0.7928
2026-04-10 05:34:42,292 | INFO | step=5800 | loss=2.8353 | ce=1.9892 | attn=0.1118 | trades=0.7903
2026-04-10 05:39:34,383 | INFO | step=5850 | loss=2.8373 | ce=1.9880 | attn=0.1114 | trades=0.7935
2026-04-10 05:44:26,529 | INFO | step=5900 | loss=2.8368 | ce=1.9886 | attn=0.1114 | trades=0.7926
2026-04-10 05:49:18,623 | INFO | step=5950 | loss=2.8360 | ce=1.9889 | attn=0.1111 | trades=0.7916
2026-04-10 05:54:10,698 | INFO | step=6000 | loss=2.8345 | ce=1.9893 | attn=0.1108 | trades=0.7898
2026-04-10 05:59:02,748 | INFO | step=6050 | loss=2.8346 | ce=1.9894 | attn=0.1107 | trades=0.7898
2026-04-10 06:03:54,810 | INFO | step=6100 | loss=2.8342 | ce=1.9898 | attn=0.1106 | trades=0.7891
2026-04-10 06:08:46,882 | INFO | step=6150 | loss=2.8351 | ce=1.9892 | attn=0.1104 | trades=0.7907
2026-04-10 06:13:38,958 | INFO | step=6200 | loss=2.8352 | ce=1.9892 | attn=0.1103 | trades=0.7909
2026-04-10 06:18:31,043 | INFO | step=6250 | loss=2.8360 | ce=1.9895 | attn=0.1101 | trades=0.7915
2026-04-10 06:23:23,128 | INFO | step=6300 | loss=2.8364 | ce=1.9897 | attn=0.1100 | trades=0.7917
2026-04-10 06:26:52,616 | INFO | [TEMPS] epoch=9 mean=2.5357 std=1.6821 min=0.3740 max=7.3934
2026-04-10 06:27:11,755 | INFO | [VAL] epoch=9 acc=0.9030
2026-04-10 06:27:12,796 | INFO | [TRAIN] epoch=10 using attack=pgd_2
2026-04-10 06:29:46,653 | INFO | step=6350 | loss=3.0914 | ce=2.0931 | attn=0.1145 | trades=0.9411
2026-04-10 06:38:55,804 | INFO | step=6400 | loss=2.8580 | ce=2.0948 | attn=0.1137 | trades=0.7063
2026-04-10 06:48:04,967 | INFO | step=6450 | loss=2.7685 | ce=2.1023 | attn=0.1134 | trades=0.6095
2026-04-10 06:57:14,105 | INFO | step=6500 | loss=2.7132 | ce=2.1092 | attn=0.1130 | trades=0.5475
2026-04-10 07:06:23,236 | INFO | step=6550 | loss=2.6768 | ce=2.1134 | attn=0.1126 | trades=0.5071
2026-04-10 07:15:32,410 | INFO | step=6600 | loss=2.6496 | ce=2.1172 | attn=0.1122 | trades=0.4762
2026-04-10 07:24:41,643 | INFO | step=6650 | loss=2.6293 | ce=2.1207 | attn=0.1118 | trades=0.4527
2026-04-10 07:33:50,689 | INFO | step=6700 | loss=2.6134 | ce=2.1230 | attn=0.1114 | trades=0.4347
2026-04-10 07:42:59,847 | INFO | step=6750 | loss=2.6002 | ce=2.1240 | attn=0.1110 | trades=0.4206
2026-04-10 07:52:08,965 | INFO | step=6800 | loss=2.5901 | ce=2.1253 | attn=0.1106 | trades=0.4095
2026-04-10 08:01:18,071 | INFO | step=6850 | loss=2.5809 | ce=2.1266 | attn=0.1103 | trades=0.3991
2026-04-10 08:10:27,242 | INFO | step=6900 | loss=2.5736 | ce=2.1274 | attn=0.1100 | trades=0.3913
2026-04-10 08:19:36,482 | INFO | step=6950 | loss=2.5670 | ce=2.1281 | attn=0.1096 | trades=0.3841
2026-04-10 08:28:45,688 | INFO | step=7000 | loss=2.5612 | ce=2.1288 | attn=0.1093 | trades=0.3778
2026-04-10 08:36:04,134 | INFO | [TEMPS] epoch=10 mean=2.6028 std=1.7595 min=0.3925 max=8.0268
2026-04-10 08:36:23,261 | INFO | [VAL] epoch=10 acc=0.9036
2026-04-10 08:36:24,294 | INFO | [TRAIN] epoch=11 using attack=pgd_2
2026-04-10 08:38:14,288 | INFO | step=7050 | loss=2.4889 | ce=2.1279 | attn=0.1029 | trades=0.3096
2026-04-10 08:47:23,546 | INFO | step=7100 | loss=2.4906 | ce=2.1372 | attn=0.1038 | trades=0.3015
2026-04-10 08:56:32,823 | INFO | step=7150 | loss=2.4887 | ce=2.1378 | attn=0.1035 | trades=0.2992
2026-04-10 09:05:42,116 | INFO | step=7200 | loss=2.4869 | ce=2.1388 | attn=0.1031 | trades=0.2965
2026-04-10 09:14:51,456 | INFO | step=7250 | loss=2.4854 | ce=2.1396 | attn=0.1027 | trades=0.2944
2026-04-10 09:24:00,846 | INFO | step=7300 | loss=2.4852 | ce=2.1392 | attn=0.1025 | trades=0.2947
2026-04-10 09:33:10,418 | INFO | step=7350 | loss=2.4848 | ce=2.1393 | attn=0.1022 | trades=0.2944
2026-04-10 09:42:20,187 | INFO | step=7400 | loss=2.4842 | ce=2.1390 | attn=0.1019 | trades=0.2942
2026-04-10 09:51:29,808 | INFO | step=7450 | loss=2.4838 | ce=2.1386 | attn=0.1017 | trades=0.2943
2026-04-10 10:01:54,329 | INFO | step=7500 | loss=2.4834 | ce=2.1384 | attn=0.1015 | trades=0.2942
2026-04-10 10:17:40,083 | INFO | step=7550 | loss=2.4829 | ce=2.1382 | attn=0.1012 | trades=0.2941
2026-04-10 10:32:26,305 | INFO | step=7600 | loss=2.4827 | ce=2.1384 | attn=0.1010 | trades=0.2938
2026-04-10 10:45:35,874 | INFO | step=7650 | loss=2.4828 | ce=2.1383 | attn=0.1007 | trades=0.2941
2026-04-10 10:54:45,514 | INFO | step=7700 | loss=2.4825 | ce=2.1381 | attn=0.1005 | trades=0.2941
2026-04-10 11:02:48,193 | INFO | [TEMPS] epoch=11 mean=2.6724 std=1.8543 min=0.4233 max=8.8254
2026-04-10 11:03:07,374 | INFO | [VAL] epoch=11 acc=0.9046
2026-04-10 11:03:08,424 | INFO | [TRAIN] epoch=12 using attack=pgd_2
2026-04-10 11:04:14,423 | INFO | step=7750 | loss=2.4990 | ce=2.1284 | attn=0.0970 | trades=0.3221
2026-04-10 11:13:23,505 | INFO | step=7800 | loss=2.4820 | ce=2.1336 | attn=0.0966 | trades=0.3001
2026-04-10 11:22:33,083 | INFO | step=7850 | loss=2.4798 | ce=2.1351 | attn=0.0960 | trades=0.2967
2026-04-10 11:31:42,709 | INFO | step=7900 | loss=2.4793 | ce=2.1358 | attn=0.0959 | trades=0.2956
2026-04-10 11:40:52,339 | INFO | step=7950 | loss=2.4800 | ce=2.1355 | attn=0.0956 | trades=0.2967
2026-04-10 11:50:01,930 | INFO | step=8000 | loss=2.4796 | ce=2.1369 | attn=0.0955 | trades=0.2949
2026-04-10 11:59:11,593 | INFO | step=8050 | loss=2.4790 | ce=2.1365 | attn=0.0953 | trades=0.2949
2026-04-10 12:08:21,255 | INFO | step=8100 | loss=2.4785 | ce=2.1366 | attn=0.0951 | trades=0.2945
2026-04-10 12:17:30,978 | INFO | step=8150 | loss=2.4786 | ce=2.1368 | attn=0.0948 | trades=0.2944
2026-04-10 12:26:40,674 | INFO | step=8200 | loss=2.4784 | ce=2.1376 | attn=0.0946 | trades=0.2935
2026-04-10 12:35:50,364 | INFO | step=8250 | loss=2.4783 | ce=2.1375 | attn=0.0944 | trades=0.2936
2026-04-10 12:45:00,076 | INFO | step=8300 | loss=2.4781 | ce=2.1378 | attn=0.0942 | trades=0.2931
2026-04-10 12:54:09,821 | INFO | step=8350 | loss=2.4778 | ce=2.1380 | attn=0.0940 | trades=0.2928
2026-04-10 13:03:19,603 | INFO | step=8400 | loss=2.4776 | ce=2.1378 | attn=0.0938 | trades=0.2929
2026-04-10 13:12:06,360 | INFO | [TEMPS] epoch=12 mean=2.7657 std=1.9981 min=0.4271 max=9.9039
2026-04-10 13:12:25,548 | INFO | [VAL] epoch=12 acc=0.9010
2026-04-10 13:12:26,657 | INFO | [TRAIN] epoch=13 using attack=pgd_2
2026-04-10 13:12:48,727 | INFO | step=8450 | loss=2.4544 | ce=2.1402 | attn=0.0880 | trades=0.2702
2026-04-10 13:21:58,433 | INFO | step=8500 | loss=2.4695 | ce=2.1388 | attn=0.0909 | trades=0.2853
2026-04-10 13:31:08,064 | INFO | step=8550 | loss=2.4703 | ce=2.1395 | attn=0.0909 | trades=0.2854
2026-04-10 13:40:17,716 | INFO | step=8600 | loss=2.4715 | ce=2.1378 | attn=0.0907 | trades=0.2884
2026-04-10 13:49:27,398 | INFO | step=8650 | loss=2.4735 | ce=2.1377 | attn=0.0905 | trades=0.2905
2026-04-10 13:58:37,139 | INFO | step=8700 | loss=2.4733 | ce=2.1376 | attn=0.0902 | trades=0.2906
2026-04-10 14:07:46,833 | INFO | step=8750 | loss=2.4731 | ce=2.1384 | attn=0.0899 | trades=0.2897
2026-04-10 14:16:56,493 | INFO | step=8800 | loss=2.4725 | ce=2.1384 | attn=0.0897 | trades=0.2892
2026-04-10 14:26:06,193 | INFO | step=8850 | loss=2.4731 | ce=2.1377 | attn=0.0896 | trades=0.2906
2026-04-10 14:35:15,837 | INFO | step=8900 | loss=2.4733 | ce=2.1379 | attn=0.0894 | trades=0.2907
2026-04-10 14:44:25,476 | INFO | step=8950 | loss=2.4731 | ce=2.1381 | attn=0.0892 | trades=0.2904
2026-04-10 14:53:35,117 | INFO | step=9000 | loss=2.4734 | ce=2.1385 | attn=0.0891 | trades=0.2904
2026-04-10 15:02:44,683 | INFO | step=9050 | loss=2.4732 | ce=2.1384 | attn=0.0889 | trades=0.2903
2026-04-10 15:11:54,288 | INFO | step=9100 | loss=2.4733 | ce=2.1383 | attn=0.0887 | trades=0.2907
2026-04-10 15:21:03,942 | INFO | step=9150 | loss=2.4733 | ce=2.1383 | attn=0.0886 | trades=0.2908
2026-04-10 15:21:24,932 | INFO | [TEMPS] epoch=13 mean=2.8703 std=2.1791 min=0.4279 max=11.2243
2026-04-10 15:21:44,116 | INFO | [VAL] epoch=13 acc=0.9114
2026-04-10 15:21:45,156 | INFO | [TRAIN] epoch=14 using attack=pgd_2
2026-04-10 15:30:32,913 | INFO | step=9200 | loss=2.4725 | ce=2.1356 | attn=0.0863 | trades=0.2938
2026-04-10 15:39:42,625 | INFO | step=9250 | loss=2.4714 | ce=2.1413 | attn=0.0863 | trades=0.2869
2026-04-10 15:48:52,316 | INFO | step=9300 | loss=2.4697 | ce=2.1404 | attn=0.0861 | trades=0.2863
2026-04-10 15:58:02,040 | INFO | step=9350 | loss=2.4711 | ce=2.1393 | attn=0.0859 | trades=0.2889
2026-04-10 16:07:11,679 | INFO | step=9400 | loss=2.4707 | ce=2.1397 | attn=0.0858 | trades=0.2881
2026-04-10 16:16:21,261 | INFO | step=9450 | loss=2.4705 | ce=2.1392 | attn=0.0856 | trades=0.2886
2026-04-10 16:25:30,879 | INFO | step=9500 | loss=2.4713 | ce=2.1386 | attn=0.0855 | trades=0.2900
2026-04-10 16:34:40,493 | INFO | step=9550 | loss=2.4711 | ce=2.1388 | attn=0.0853 | trades=0.2897
2026-04-10 16:43:50,070 | INFO | step=9600 | loss=2.4706 | ce=2.1393 | attn=0.0852 | trades=0.2887
2026-04-10 16:52:59,661 | INFO | step=9650 | loss=2.4700 | ce=2.1396 | attn=0.0850 | trades=0.2879
2026-04-10 17:02:09,262 | INFO | step=9700 | loss=2.4698 | ce=2.1396 | attn=0.0849 | trades=0.2877
2026-04-10 17:11:18,773 | INFO | step=9750 | loss=2.4699 | ce=2.1392 | attn=0.0848 | trades=0.2883
2026-04-10 17:20:28,322 | INFO | step=9800 | loss=2.4703 | ce=2.1392 | attn=0.0847 | trades=0.2888
2026-04-10 17:29:37,784 | INFO | step=9850 | loss=2.4704 | ce=2.1392 | attn=0.0846 | trades=0.2888
2026-04-10 17:30:42,715 | INFO | [TEMPS] epoch=14 mean=2.9760 std=2.3842 min=0.4358 max=12.7374
2026-04-10 17:31:01,883 | INFO | [VAL] epoch=14 acc=0.9038
2026-04-10 17:31:02,995 | INFO | [TRAIN] epoch=15 using attack=pgd_2
2026-04-10 17:39:06,508 | INFO | step=9900 | loss=2.4627 | ce=2.1419 | attn=0.0830 | trades=0.2793
2026-04-10 17:48:15,935 | INFO | step=9950 | loss=2.4645 | ce=2.1410 | attn=0.0832 | trades=0.2819
2026-04-10 17:57:25,332 | INFO | step=10000 | loss=2.4659 | ce=2.1409 | attn=0.0829 | trades=0.2835
2026-04-10 18:06:34,649 | INFO | step=10050 | loss=2.4674 | ce=2.1391 | attn=0.0828 | trades=0.2869
2026-04-10 18:15:43,988 | INFO | step=10100 | loss=2.4682 | ce=2.1392 | attn=0.0827 | trades=0.2877
2026-04-10 18:24:53,267 | INFO | step=10150 | loss=2.4686 | ce=2.1398 | attn=0.0826 | trades=0.2875
2026-04-10 18:34:02,509 | INFO | step=10200 | loss=2.4680 | ce=2.1403 | attn=0.0825 | trades=0.2865
2026-04-10 18:43:11,842 | INFO | step=10250 | loss=2.4680 | ce=2.1401 | attn=0.0824 | trades=0.2866
2026-04-10 18:52:21,163 | INFO | step=10300 | loss=2.4678 | ce=2.1401 | attn=0.0824 | trades=0.2866
2026-04-10 19:01:30,485 | INFO | step=10350 | loss=2.4680 | ce=2.1396 | attn=0.0823 | trades=0.2873
2026-04-10 19:10:39,834 | INFO | step=10400 | loss=2.4682 | ce=2.1400 | attn=0.0822 | trades=0.2871
2026-04-10 19:19:49,137 | INFO | step=10450 | loss=2.4682 | ce=2.1396 | attn=0.0821 | trades=0.2876
2026-04-10 19:28:58,478 | INFO | step=10500 | loss=2.4682 | ce=2.1397 | attn=0.0820 | trades=0.2874
2026-04-10 19:38:07,825 | INFO | step=10550 | loss=2.4682 | ce=2.1398 | attn=0.0820 | trades=0.2873
2026-04-10 19:39:56,689 | INFO | [TEMPS] epoch=15 mean=3.0801 std=2.6216 min=0.4377 max=14.4772
2026-04-10 19:40:15,865 | INFO | [VAL] epoch=15 acc=0.8840
2026-04-10 19:40:16,901 | INFO | [TRAIN] epoch=16 using attack=cw_0
2026-04-10 19:41:28,854 | INFO | step=10600 | loss=2.0479 | ce=1.5875 | attn=0.0232 | trades=0.4488
2026-04-10 19:42:58,628 | INFO | step=10650 | loss=2.1500 | ce=1.3368 | attn=0.0218 | trades=0.8022
2026-04-10 19:44:28,392 | INFO | step=10700 | loss=2.1667 | ce=1.2023 | attn=0.0216 | trades=0.9536
2026-04-10 19:45:58,135 | INFO | step=10750 | loss=2.1600 | ce=1.1162 | attn=0.0212 | trades=1.0332
2026-04-10 19:47:27,907 | INFO | step=10800 | loss=2.1654 | ce=1.0499 | attn=0.0207 | trades=1.1052
2026-04-10 19:48:57,683 | INFO | step=10850 | loss=2.1787 | ce=1.0043 | attn=0.0205 | trades=1.1642
2026-04-10 19:50:27,462 | INFO | step=10900 | loss=2.1993 | ce=0.9673 | attn=0.0203 | trades=1.2217
2026-04-10 19:51:57,227 | INFO | step=10950 | loss=2.1991 | ce=0.9362 | attn=0.0201 | trades=1.2529
2026-04-10 19:53:26,999 | INFO | step=11000 | loss=2.1874 | ce=0.9113 | attn=0.0198 | trades=1.2662
2026-04-10 19:54:56,755 | INFO | step=11050 | loss=2.1915 | ce=0.8888 | attn=0.0197 | trades=1.2929
2026-04-10 19:56:26,502 | INFO | step=11100 | loss=2.1905 | ce=0.8700 | attn=0.0195 | trades=1.3107
2026-04-10 19:57:56,267 | INFO | step=11150 | loss=2.1971 | ce=0.8549 | attn=0.0194 | trades=1.3325
2026-04-10 19:59:26,048 | INFO | step=11200 | loss=2.1958 | ce=0.8394 | attn=0.0193 | trades=1.3467
2026-04-10 20:00:55,883 | INFO | step=11250 | loss=2.1936 | ce=0.8245 | attn=0.0192 | trades=1.3595
2026-04-10 20:01:20,347 | INFO | [TEMPS] epoch=16 mean=2.7899 std=2.5197 min=0.4590 max=17.1581
2026-04-10 20:01:39,431 | INFO | [VAL] epoch=16 acc=0.9426
2026-04-10 20:01:40,541 | INFO | [TRAIN] epoch=17 using attack=cw_0
2026-04-10 20:02:45,326 | INFO | step=11300 | loss=2.1639 | ce=0.6331 | attn=0.0178 | trades=1.5219
2026-04-10 20:04:15,143 | INFO | step=11350 | loss=2.1090 | ce=0.6278 | attn=0.0173 | trades=1.4725
2026-04-10 20:05:44,964 | INFO | step=11400 | loss=2.1444 | ce=0.6323 | attn=0.0176 | trades=1.5033
2026-04-10 20:07:14,789 | INFO | step=11450 | loss=2.1488 | ce=0.6323 | attn=0.0177 | trades=1.5076
2026-04-10 20:08:44,602 | INFO | step=11500 | loss=2.1527 | ce=0.6301 | attn=0.0178 | trades=1.5136
2026-04-10 20:10:14,410 | INFO | step=11550 | loss=2.1511 | ce=0.6279 | attn=0.0177 | trades=1.5144
2026-04-10 20:11:44,225 | INFO | step=11600 | loss=2.1558 | ce=0.6260 | attn=0.0177 | trades=1.5210
2026-04-10 20:13:14,062 | INFO | step=11650 | loss=2.1484 | ce=0.6218 | attn=0.0177 | trades=1.5178
2026-04-10 20:14:43,889 | INFO | step=11700 | loss=2.1437 | ce=0.6183 | attn=0.0176 | trades=1.5166
2026-04-10 20:16:13,708 | INFO | step=11750 | loss=2.1453 | ce=0.6165 | attn=0.0176 | trades=1.5200
2026-04-10 20:17:43,517 | INFO | step=11800 | loss=2.1489 | ce=0.6148 | attn=0.0176 | trades=1.5253
2026-04-10 20:19:13,346 | INFO | step=11850 | loss=2.1416 | ce=0.6119 | attn=0.0176 | trades=1.5210
2026-04-10 20:20:43,181 | INFO | step=11900 | loss=2.1347 | ce=0.6080 | attn=0.0176 | trades=1.5179
2026-04-10 20:22:13,048 | INFO | step=11950 | loss=2.1259 | ce=0.6057 | attn=0.0175 | trades=1.5114
2026-04-10 20:22:44,708 | INFO | [TEMPS] epoch=17 mean=2.7317 std=2.5680 min=0.4437 max=18.3085
2026-04-10 20:23:03,805 | INFO | [VAL] epoch=17 acc=0.9474
2026-04-10 20:23:04,860 | INFO | [TRAIN] epoch=18 using attack=cw_0
2026-04-10 20:24:02,485 | INFO | step=12000 | loss=1.9941 | ce=0.5523 | attn=0.0163 | trades=1.4337
2026-04-10 20:25:32,336 | INFO | step=12050 | loss=2.1102 | ce=0.5684 | attn=0.0172 | trades=1.5332
2026-04-10 20:27:02,200 | INFO | step=12100 | loss=2.0866 | ce=0.5671 | attn=0.0170 | trades=1.5110
2026-04-10 20:28:32,056 | INFO | step=12150 | loss=2.0769 | ce=0.5643 | attn=0.0170 | trades=1.5041
2026-04-10 20:30:01,915 | INFO | step=12200 | loss=2.0639 | ce=0.5591 | attn=0.0170 | trades=1.4963
2026-04-10 20:31:31,766 | INFO | step=12250 | loss=2.0693 | ce=0.5601 | attn=0.0171 | trades=1.5007
2026-04-10 20:33:01,604 | INFO | step=12300 | loss=2.0672 | ce=0.5592 | attn=0.0171 | trades=1.4995
2026-04-10 20:34:31,428 | INFO | step=12350 | loss=2.0734 | ce=0.5580 | attn=0.0171 | trades=1.5069
2026-04-10 20:36:01,222 | INFO | step=12400 | loss=2.0853 | ce=0.5582 | attn=0.0172 | trades=1.5185
2026-04-10 20:37:31,038 | INFO | step=12450 | loss=2.0878 | ce=0.5563 | attn=0.0173 | trades=1.5229
2026-04-10 20:39:00,855 | INFO | step=12500 | loss=2.0892 | ce=0.5554 | attn=0.0173 | trades=1.5252
2026-04-10 20:40:30,673 | INFO | step=12550 | loss=2.0975 | ce=0.5575 | attn=0.0174 | trades=1.5313
2026-04-10 20:42:00,514 | INFO | step=12600 | loss=2.1024 | ce=0.5582 | attn=0.0174 | trades=1.5354
2026-04-10 20:43:30,330 | INFO | step=12650 | loss=2.1037 | ce=0.5573 | attn=0.0174 | trades=1.5377
2026-04-10 20:44:09,183 | INFO | [TEMPS] epoch=18 mean=2.6909 std=2.6016 min=0.4251 max=19.0183
2026-04-10 20:44:28,286 | INFO | [VAL] epoch=18 acc=0.9486
2026-04-10 20:44:29,378 | INFO | [TRAIN] epoch=19 using attack=cw_0
2026-04-10 20:45:19,836 | INFO | step=12700 | loss=2.0357 | ce=0.5238 | attn=0.0175 | trades=1.5032
2026-04-10 20:46:49,686 | INFO | step=12750 | loss=2.0952 | ce=0.5367 | attn=0.0178 | trades=1.5496
2026-04-10 20:48:19,522 | INFO | step=12800 | loss=2.1059 | ce=0.5393 | attn=0.0179 | trades=1.5576
2026-04-10 20:49:49,355 | INFO | step=12850 | loss=2.1064 | ce=0.5384 | attn=0.0178 | trades=1.5590
2026-04-10 20:51:19,154 | INFO | step=12900 | loss=2.1110 | ce=0.5392 | attn=0.0178 | trades=1.5630
2026-04-10 20:52:48,956 | INFO | step=12950 | loss=2.0881 | ce=0.5348 | attn=0.0176 | trades=1.5444
2026-04-10 20:54:18,767 | INFO | step=13000 | loss=2.0811 | ce=0.5317 | attn=0.0176 | trades=1.5406
2026-04-10 20:55:48,608 | INFO | step=13050 | loss=2.0773 | ce=0.5300 | attn=0.0176 | trades=1.5385
2026-04-10 20:57:18,464 | INFO | step=13100 | loss=2.0656 | ce=0.5265 | attn=0.0175 | trades=1.5304
2026-04-10 20:58:48,299 | INFO | step=13150 | loss=2.0795 | ce=0.5276 | attn=0.0175 | trades=1.5431
2026-04-10 21:00:18,147 | INFO | step=13200 | loss=2.0784 | ce=0.5257 | attn=0.0175 | trades=1.5440
2026-04-10 21:01:47,996 | INFO | step=13250 | loss=2.0752 | ce=0.5247 | attn=0.0175 | trades=1.5418
2026-04-10 21:03:17,836 | INFO | step=13300 | loss=2.0742 | ce=0.5232 | attn=0.0175 | trades=1.5423
2026-04-10 21:04:47,657 | INFO | step=13350 | loss=2.0740 | ce=0.5222 | attn=0.0174 | trades=1.5430
2026-04-10 21:05:33,694 | INFO | [TEMPS] epoch=19 mean=2.6505 std=2.6204 min=0.4138 max=19.6400
2026-04-10 21:05:52,775 | INFO | [VAL] epoch=19 acc=0.9502
2026-04-10 21:05:53,805 | INFO | [TRAIN] epoch=20 using attack=cw_0
2026-04-10 21:06:37,073 | INFO | step=13400 | loss=2.1116 | ce=0.5101 | attn=0.0178 | trades=1.5925
2026-04-10 21:08:06,921 | INFO | step=13450 | loss=2.0288 | ce=0.5019 | attn=0.0172 | trades=1.5183
2026-04-10 21:09:36,743 | INFO | step=13500 | loss=2.0300 | ce=0.5025 | attn=0.0173 | trades=1.5188
2026-04-10 21:11:06,569 | INFO | step=13550 | loss=2.0504 | ce=0.5030 | attn=0.0175 | trades=1.5387
2026-04-10 21:12:36,408 | INFO | step=13600 | loss=2.0337 | ce=0.5011 | attn=0.0174 | trades=1.5239
2026-04-10 21:14:06,269 | INFO | step=13650 | loss=2.0401 | ce=0.5018 | attn=0.0175 | trades=1.5296
2026-04-10 21:15:36,128 | INFO | step=13700 | loss=2.0312 | ce=0.4991 | attn=0.0173 | trades=1.5234
2026-04-10 21:17:07,603 | INFO | step=13750 | loss=2.0359 | ce=0.4999 | attn=0.0174 | trades=1.5273
2026-04-10 21:18:37,457 | INFO | step=13800 | loss=2.0316 | ce=0.4989 | attn=0.0174 | trades=1.5239
2026-04-10 21:20:07,273 | INFO | step=13850 | loss=2.0391 | ce=0.5022 | attn=0.0175 | trades=1.5282
2026-04-10 21:21:37,097 | INFO | step=13900 | loss=2.0410 | ce=0.5011 | attn=0.0175 | trades=1.5312
2026-04-10 21:23:06,936 | INFO | step=13950 | loss=2.0417 | ce=0.5002 | attn=0.0175 | trades=1.5328
2026-04-10 21:24:36,763 | INFO | step=14000 | loss=2.0498 | ce=0.5001 | attn=0.0175 | trades=1.5410
2026-04-10 21:26:06,612 | INFO | step=14050 | loss=2.0516 | ce=0.4993 | attn=0.0175 | trades=1.5435
2026-04-10 21:26:59,824 | INFO | [TEMPS] epoch=20 mean=2.6224 std=2.6518 min=0.4021 max=20.3803
2026-04-10 21:27:18,924 | INFO | [VAL] epoch=20 acc=0.9504
2026-04-11 00:36:05,102 | INFO | Done.
